Microchip MPLAB XC8 Compiler V2.20

Linker command line:

-W-3 --edf=C:\Program Files\Microchip\xc8\v2.20\pic\dat\en_msgs.txt -cn \
  -h+dist/default/production\SHT40MK1v4.0.X.production.sym \
  --cmf=dist/default/production\SHT40MK1v4.0.X.production.cmf -z -Q18F46K20 \
  -oC:\Users\Torben\AppData\Local\Temp\so9s.2 --defsym=__MPLAB_BUILD=1 \
  -Mdist/default/production/SHT40MK1v4.0.X.production.map -E1 \
  -ver=XC8 Compiler --acfsm=1493 -ASTACK=018Ah-0F5Fh -pstack=STACK \
  -ACODE=00h-0FFFFh -ACONST=00h-0FFFFh -ASMALLCONST=01000h-010FFhx240 \
  -AMEDIUMCONST=01000h-0FFFFh -ACOMRAM=01h-05Fh -AABS1=00h-0F5Fh \
  -ABIGRAM=01h-0F5Fh -ARAM=060h-0FFh,0100h-01FFhx14,0F00h-0F5Fh \
  -ABANK0=060h-0FFh -ABANK1=0100h-01FFh -ABANK2=0200h-02FFh \
  -ABANK3=0300h-03FFh -ABANK4=0400h-04FFh -ABANK5=0500h-05FFh \
  -ABANK6=0600h-06FFh -ABANK7=0700h-07FFh -ABANK8=0800h-08FFh \
  -ABANK9=0900h-09FFh -ABANK10=0A00h-0AFFh -ABANK11=0B00h-0BFFh \
  -ABANK12=0C00h-0CFFh -ABANK13=0D00h-0DFFh -ABANK14=0E00h-0EFFh \
  -ABANK15=0F00h-0F5Fh -ASFR=0F60h-0FFFh -ACONFIG=0300000h-030000Dh \
  -AIDLOC=0200000h-0200007h \
  -preset_vec=00h,intcode=08h,intcodelo,powerup,init -pramtop=01000h \
  -psmallconst=SMALLCONST -pmediumconst=MEDIUMCONST -pconst=CONST \
  -AFARRAM=00h-00h -AEEDATA=0F00000h-0F003FFh -peeprom_data=EEDATA \
  -prdata=COMRAM,nvrram=COMRAM,nvbit=COMRAM,rbss=COMRAM,rbit=COMRAM \
  -pfarbss=FARRAM,fardata=FARRAM,nvFARRAM=FARRAM \
  -pintsave_regs=BIGRAM,bigbss=BIGRAM,bigdata=BIGRAM -pbss=RAM \
  -pidata=CODE,irdata=CODE,ibigdata=CODE,ifardata=CODE -prparam=COMRAM \
  C:\Users\Torben\AppData\Local\Temp\so9s.o \
  dist/default/production\SHT40MK1v4.0.X.production.o 

Object code version is 3.11

Machine type is 18F46K20



                Name                               Link     Load   Length Selector   Space Scale
C:\Users\Torben\AppData\Local\Temp\so9s.o
                idloc                            200000   200000        8        0       5
                config                           300000   300000        E        0       4
                init                                 B0       B0        4        4       0
                reset_vec                             0        0        4        0       0
dist/default/production\SHT40MK1v4.0.X.production.o
                intcode                               8        8       A8        4       0
                idloc                            200000   200000        8        0       5
                config                           300000   300000        E        0       4
                temp                                 5A       5A        1        1       1
                smallconst                         1000     1000       6A      800       0
                text103                            49A6     49A6       2C      835       0
                text102                            4C1A     4C1A        6      835       0
                text101                            4C50     4C50        2      835       0
                text100                            4C14     4C14        6      835       0
                text99                             3CEA     3CEA       C0      835       0
                text98                             473A     473A       42      835       0
                text96                             4C4C     4C4C        4      835       0
                text95                             4C48     4C48        4      835       0
                text94                             4C44     4C44        4      835       0
                text93                             497A     497A       2C      835       0
                text92                             4C40     4C40        4      835       0
                text91                             4C3C     4C3C        4      835       0
                text90                             4C38     4C38        4      835       0
                text89                             4A4C     4A4C       24      835       0
                text88                             41F6     41F6       7A      835       0
                text87                             4AC8     4AC8       18      835       0
                text86                             494E     494E       2C      835       0
                text85                             4922     4922       2C      835       0
                text84                             48F6     48F6       2C      835       0
                text83                             48CA     48CA       2C      835       0
                text82                             477C     477C       40      835       0
                text81                             4C34     4C34        4      835       0
                text80                             4C30     4C30        4      835       0
                text79                             4C2C     4C2C        4      835       0
                text78                             4C0E     4C0E        6      835       0
                text77                             4C28     4C28        4      835       0
                text76                             4C08     4C08        6      835       0
                text75                             4C00     4C00        8      835       0
                text74                             4B0A     4B0A       14      835       0
                text73                             4C24     4C24        4      835       0
                text72                             417A     417A       7C      835       0
                text71                             4B66     4B66        C      835       0
                text70                             4B3E     4B3E       10      835       0
                text69                             4B2E     4B2E       10      835       0
                text68                             3C26     3C26       C4      835       0
                text67                             3FB0     3FB0       A6      835       0
                text66                             4B5A     4B5A        C      835       0
                text65                             4BF8     4BF8        8      835       0
                text64                             4BF0     4BF0        8      835       0
                text63                             4BE8     4BE8        8      835       0
                text62                             4BE0     4BE0        8      835       0
                text61                             4BD8     4BD8        8      835       0
                text60                             4BD0     4BD0        8      835       0
                text59                             4BC8     4BC8        8      835       0
                text58                             4B4E     4B4E        C      835       0
                text57                             4356     4356       66      835       0
                text56                             42E6     42E6       70      835       0
                text55                             4B1E     4B1E       10      835       0
                text54                             4A92     4A92       1E      835       0
                text53                             46F6     46F6       44      835       0
                text52                             4BC0     4BC0        8      835       0
                text51                             4A70     4A70       22      835       0
                text50                             40EC     40EC       8E      835       0
                text49                             4628     4628       46      835       0
                text48                             4BB8     4BB8        8      835       0
                text47                             4AB0     4AB0       18      835       0
                text46                             44DE     44DE       5A      835       0
                text45                             46B2     46B2       44      835       0
                text44                             22D4     22D4      4C0      835       0
                text43                             2BBE     2BBE      39A      835       0
                text42                             36EE     36EE      104      835       0
                text41                             2794     2794      42A      835       0
                text40                             316A     316A      1B4      835       0
                text39                             34B8     34B8      130      835       0
                text38                             39CC     39CC       D0      835       0
                text37                             4BAE     4BAE        A      835       0
                text36                             4BA4     4BA4        A      835       0
                text35                             4B9A     4B9A        A      835       0
                text34                             4B90     4B90        A      835       0
                text33                             4B86     4B86        A      835       0
                text32                             4270     4270       76      835       0
                text31                             4AF6     4AF6       14      835       0
                text30                             4C20     4C20        4      835       0
                text29                             4B7C     4B7C        A      835       0
                text28                             489A     489A       30      835       0
                text27                             4AE0     4AE0       16      835       0
                text26                             4A26     4A26       26      835       0
                text25                             482C     482C       38      835       0
                text24                             4590     4590       52      835       0
                text23                             331E     331E      19A      835       0
                text22                             3B62     3B62       C4      835       0
                text21                             3DAA     3DAA       B0      835       0
                text20                             3F06     3F06       AA      835       0
                text19                             47F4     47F4       38      835       0
                text18                             45E2     45E2       46      835       0
                text17                             35E8     35E8      106      835       0
                text16                             37F2     37F2       FE      835       0
                text15                             2F58     2F58      212      835       0
                text14                             4538     4538       58      835       0
                text13                             4B72     4B72        A      835       0
                text12                             4056     4056       96      835       0
                text11                             466E     466E       44      835       0
                text10                             4864     4864       36      835       0
                text9                              3A9C     3A9C       C6      835       0
                text8                              4480     4480       5E      835       0
                text7                              47BC     47BC       38      835       0
                text6                              4420     4420       60      835       0
                text5                              106A     106A      BFE      835       0
                text4                              38F0     38F0       DC      835       0
                text3                              1C68     1C68      66C      835       0
                text2                              43BC     43BC       64      835       0
                text1                              49FC     49FC       2A      835       0
                text0                              3E5A     3E5A       AC      835       0
                cstackCOMRAM                          1        1       55        1       1
                cstackBANK0                          60       60       65       60       1
                cstackBANK1                         184      184        6      100       1
                bssBANK1                            100      100       7E      100       1
                bssBANK0                             C5       C5       35       60       1
                bssCOMRAM                            56       56        4        1       1
                cinit                              49D2     49D2       2A      835       0
                nvBANK1                             17E      17E        6      100       1
                nvBANK0                              FA       FA        5       60       1

TOTAL           Name                               Link     Load   Length     Space
        CLASS   STACK          

        CLASS   CODE           
                intcode                               8        8       A8         0
                init                                 B0       B0        4         0
                reset_vec                             0        0        4         0
                text103                            49A6     49A6       2C         0
                text102                            4C1A     4C1A        6         0
                text101                            4C50     4C50        2         0
                text100                            4C14     4C14        6         0
                text99                             3CEA     3CEA       C0         0
                text98                             473A     473A       42         0
                text96                             4C4C     4C4C        4         0
                text95                             4C48     4C48        4         0
                text94                             4C44     4C44        4         0
                text93                             497A     497A       2C         0
                text92                             4C40     4C40        4         0
                text91                             4C3C     4C3C        4         0
                text90                             4C38     4C38        4         0
                text89                             4A4C     4A4C       24         0
                text88                             41F6     41F6       7A         0
                text87                             4AC8     4AC8       18         0
                text86                             494E     494E       2C         0
                text85                             4922     4922       2C         0
                text84                             48F6     48F6       2C         0
                text83                             48CA     48CA       2C         0
                text82                             477C     477C       40         0
                text81                             4C34     4C34        4         0
                text80                             4C30     4C30        4         0
                text79                             4C2C     4C2C        4         0
                text78                             4C0E     4C0E        6         0
                text77                             4C28     4C28        4         0
                text76                             4C08     4C08        6         0
                text75                             4C00     4C00        8         0
                text74                             4B0A     4B0A       14         0
                text73                             4C24     4C24        4         0
                text72                             417A     417A       7C         0
                text71                             4B66     4B66        C         0
                text70                             4B3E     4B3E       10         0
                text69                             4B2E     4B2E       10         0
                text68                             3C26     3C26       C4         0
                text67                             3FB0     3FB0       A6         0
                text66                             4B5A     4B5A        C         0
                text65                             4BF8     4BF8        8         0
                text64                             4BF0     4BF0        8         0
                text63                             4BE8     4BE8        8         0
                text62                             4BE0     4BE0        8         0
                text61                             4BD8     4BD8        8         0
                text60                             4BD0     4BD0        8         0
                text59                             4BC8     4BC8        8         0
                text58                             4B4E     4B4E        C         0
                text57                             4356     4356       66         0
                text56                             42E6     42E6       70         0
                text55                             4B1E     4B1E       10         0
                text54                             4A92     4A92       1E         0
                text53                             46F6     46F6       44         0
                text52                             4BC0     4BC0        8         0
                text51                             4A70     4A70       22         0
                text50                             40EC     40EC       8E         0
                text49                             4628     4628       46         0
                text48                             4BB8     4BB8        8         0
                text47                             4AB0     4AB0       18         0
                text46                             44DE     44DE       5A         0
                text45                             46B2     46B2       44         0
                text44                             22D4     22D4      4C0         0
                text43                             2BBE     2BBE      39A         0
                text42                             36EE     36EE      104         0
                text41                             2794     2794      42A         0
                text40                             316A     316A      1B4         0
                text39                             34B8     34B8      130         0
                text38                             39CC     39CC       D0         0
                text37                             4BAE     4BAE        A         0
                text36                             4BA4     4BA4        A         0
                text35                             4B9A     4B9A        A         0
                text34                             4B90     4B90        A         0
                text33                             4B86     4B86        A         0
                text32                             4270     4270       76         0
                text31                             4AF6     4AF6       14         0
                text30                             4C20     4C20        4         0
                text29                             4B7C     4B7C        A         0
                text28                             489A     489A       30         0
                text27                             4AE0     4AE0       16         0
                text26                             4A26     4A26       26         0
                text25                             482C     482C       38         0
                text24                             4590     4590       52         0
                text23                             331E     331E      19A         0
                text22                             3B62     3B62       C4         0
                text21                             3DAA     3DAA       B0         0
                text20                             3F06     3F06       AA         0
                text19                             47F4     47F4       38         0
                text18                             45E2     45E2       46         0
                text17                             35E8     35E8      106         0
                text16                             37F2     37F2       FE         0
                text15                             2F58     2F58      212         0
                text14                             4538     4538       58         0
                text13                             4B72     4B72        A         0
                text12                             4056     4056       96         0
                text11                             466E     466E       44         0
                text10                             4864     4864       36         0
                text9                              3A9C     3A9C       C6         0
                text8                              4480     4480       5E         0
                text7                              47BC     47BC       38         0
                text6                              4420     4420       60         0
                text5                              106A     106A      BFE         0
                text4                              38F0     38F0       DC         0
                text3                              1C68     1C68      66C         0
                text2                              43BC     43BC       64         0
                text1                              49FC     49FC       2A         0
                text0                              3E5A     3E5A       AC         0
                cinit                              49D2     49D2       2A         0

        CLASS   CONST          

        CLASS   SMALLCONST     
                smallconst                         1000     1000       6A         0

        CLASS   MEDIUMCONST    

        CLASS   COMRAM         
                temp                                 5A       5A        1         1
                cstackCOMRAM                          1        1       55         1
                bssCOMRAM                            56       56        4         1

        CLASS   ABS1           

        CLASS   BIGRAM         

        CLASS   RAM            

        CLASS   BANK0          
                cstackBANK0                          60       60       65         1
                bssBANK0                             C5       C5       35         1
                nvBANK0                              FA       FA        5         1

        CLASS   BANK1          
                cstackBANK1                         184      184        6         1
                bssBANK1                            100      100       7E         1
                nvBANK1                             17E      17E        6         1

        CLASS   BANK2          

        CLASS   BANK3          

        CLASS   BANK4          

        CLASS   BANK5          

        CLASS   BANK6          

        CLASS   BANK7          

        CLASS   BANK8          

        CLASS   BANK9          

        CLASS   BANK10         

        CLASS   BANK11         

        CLASS   BANK12         

        CLASS   BANK13         

        CLASS   BANK14         

        CLASS   BANK15         

        CLASS   SFR            

        CLASS   CONFIG         
                config                           300000   300000        E         4

        CLASS   IDLOC          
                idloc                            200000   200000        8         5

        CLASS   FARRAM         

        CLASS   EEDATA         



SEGMENTS        Name                           Load    Length   Top    Selector   Space  Class

                reset_vec                      000000  000004  000004         0       0  CODE    
                cstackCOMRAM                   000001  00005A  00005B         1       1  COMRAM  
                intcode                        000008  0000AC  0000B4         4       0  CODE    
                cstackBANK0                    000060  00009F  0000FF        60       1  BANK0   
                bssBANK1                       000100  00008A  00018A       100       1  BANK1   
                smallconst                     001000  00006A  00106A       800       0  SMALLCON
                text5                          00106A  003BE8  004C52       835       0  CODE    


UNUSED ADDRESS RANGES

        Name                Unused          Largest block    Delta
        BANK0            0000FF-0000FF                1
        BANK1            00018A-0001FF               76
        BANK10           000A00-000AFF              100
        BANK11           000B00-000BFF              100
        BANK12           000C00-000CFF              100
        BANK13           000D00-000DFF              100
        BANK14           000E00-000EFF              100
        BANK15           000F00-000F5F               60
        BANK2            000200-0002FF              100
        BANK3            000300-0003FF              100
        BANK4            000400-0004FF              100
        BANK5            000500-0005FF              100
        BANK6            000600-0006FF              100
        BANK7            000700-0007FF              100
        BANK8            000800-0008FF              100
        BANK9            000900-0009FF              100
        BIGRAM           00005B-00005F                5
                         0000FF-0000FF                1
                         00018A-000F5F              DD6
        CODE             000004-000007                4
                         0000B4-000FFF              F4C
                         004C52-00FFFF             B3AE
        COMRAM           00005B-00005F                5
        CONST            000004-000007                4
                         0000B4-000FFF              F4C
                         004C52-00FFFF             B3AE
        EEDATA           F00000-F003FF              400
        MEDIUMCONST      004C52-00FFFF             B3AE
        RAM              0000FF-0000FF                1
                         00018A-000F5F              100
        SFR              000F60-000FFF               A0
        SMALLCONST       004C52-00FFFF              100
        STACK            00018A-000F5F              DD6

                                  Symbol Table

?_SHT40_humy_GetValue                          cstackCOMRAM 000047
?_SHT40_temp_GetValue                          cstackCOMRAM 000047
?___awdiv                                      cstackCOMRAM 000005
?___awmod                                      cstackCOMRAM 000005
?___fladd                                      cstackCOMRAM 000037
?___fldiv                                      cstackCOMRAM 00001E
?___flmul                                      cstackCOMRAM 000005
?___flneg                                      cstackCOMRAM 000005
?___flsub                                      cstackCOMRAM 000047
?___fltol                                      cstackCOMRAM 000005
?___fpclassifyf                                cstackCOMRAM 000005
?___wmul                                       cstackCOMRAM 000005
?___xxtofl                                     cstackCOMRAM 000005
?_atoi                                         cstackCOMRAM 00000C
?_efgtoa                                       cstackCOMRAM 00004F
?_floorf                                       cstackCOMRAM 000037
?_isdigit                                      cstackCOMRAM 000005
?_isspace                                      cstackCOMRAM 000005
?_isupper                                      cstackCOMRAM 000005
?_pad                                          cstackCOMRAM 000017
?_printf                                       cstackBANK0  0000BF
?_strlen                                       cstackCOMRAM 000005
?_strncmp                                      cstackCOMRAM 000005
?_tolower                                      cstackCOMRAM 00000B
?_vfpfcnvrt                                    cstackBANK0  00009D
?_vfprintf                                     cstackBANK0  0000B7
EUSART_SetErrorHandler@interruptHandler        cstackCOMRAM 000005
EUSART_SetFramingErrorHandler@interruptHandler cstackCOMRAM 000005
EUSART_SetOverrunErrorHandler@interruptHandler cstackCOMRAM 000005
EUSART_SetRxInterruptHandler@interruptHandler  cstackCOMRAM 000005
EUSART_SetTxInterruptHandler@interruptHandler  cstackCOMRAM 000005
EUSART_Write@txData                            cstackCOMRAM 000005
I2C_CallbackReturnReset@funPtr                 cstackCOMRAM 00000E
I2C_Close@returnValue                          cstackCOMRAM 000005
I2C_MasterOperation@read                       cstackCOMRAM 000014
I2C_MasterOperation@returnValue                cstackCOMRAM 000015
I2C_MasterSendTxData@data                      cstackCOMRAM 000005
I2C_Open@address                               cstackCOMRAM 000005
I2C_Open@returnValue                           cstackCOMRAM 000006
I2C_ReadNBytes@address                         cstackCOMRAM 00001A
I2C_ReadNBytes@data                            cstackCOMRAM 000016
I2C_ReadNBytes@len                             cstackCOMRAM 000018
I2C_SetAddressNackCallback@cb                  cstackCOMRAM 00000A
I2C_SetAddressNackCallback@ptr                 cstackCOMRAM 00000C
I2C_SetBuffer@buffer                           cstackCOMRAM 000005
I2C_SetBuffer@bufferSize                       cstackCOMRAM 000007
I2C_SetCallback@cb                             cstackCOMRAM 000005
I2C_SetCallback@idx                            cstackCOMRAM 000009
I2C_SetCallback@ptr                            cstackCOMRAM 000007
I2C_SetDataCompleteCallback@cb                 cstackCOMRAM 00000A
I2C_SetDataCompleteCallback@ptr                cstackCOMRAM 00000C
I2C_WriteNBytes@address                        cstackCOMRAM 00001A
I2C_WriteNBytes@data                           cstackCOMRAM 000016
I2C_WriteNBytes@len                            cstackCOMRAM 000018
SHT40_Read@regist                              cstackCOMRAM 00001C
SHT40_humy_GetValue@pressDataAnz               cstackCOMRAM 00004D
SHT40_temp_GetValue@tempDataAnz                cstackCOMRAM 00004D
_ANSEL                                         (abs)        000F7E
_ANSELH                                        (abs)        000F7F
_BAUDCON                                       (abs)        000FB8
_EUSART_DefaultErrorHandler                    text102      004C1A
_EUSART_DefaultFramingErrorHandler             text101      004C50
_EUSART_DefaultOverrunErrorHandler             text100      004C14
_EUSART_ErrorHandler                           nvBANK1      00017E
_EUSART_FramingErrorHandler                    nvBANK1      000182
_EUSART_Initialize                             text32       004270
_EUSART_OverrunErrorHandler                    nvBANK1      000180
_EUSART_Receive_ISR                            text99       003CEA
_EUSART_RxDataHandler                          text103      0049A6
_EUSART_RxDefaultInterruptHandler              nvBANK0      0000FA
_EUSART_SetErrorHandler                        text37       004BAE
_EUSART_SetFramingErrorHandler                 text36       004BA4
_EUSART_SetOverrunErrorHandler                 text35       004B9A
_EUSART_SetRxInterruptHandler                  text34       004B90
_EUSART_SetTxInterruptHandler                  text33       004B86
_EUSART_Transmit_ISR                           text98       00473A
_EUSART_TxDefaultInterruptHandler              nvBANK0      0000FC
_EUSART_Write                                  text14       004538
_I2C_CallbackReturnReset                       text80       004C30
_I2C_CallbackReturnStop                        text81       004C34
_I2C_Close                                     text93       00497A
_I2C_DO_ADDRESS_NACK                           text57       004356
_I2C_DO_IDLE                                   text71       004B66
_I2C_DO_RCEN                                   text66       004B5A
_I2C_DO_RESET                                  text58       004B4E
_I2C_DO_RX                                     text67       003FB0
_I2C_DO_RX_ACK                                 text61       004BD8
_I2C_DO_RX_NACK_RESTART                        text59       004BC8
_I2C_DO_RX_NACK_STOP                           text60       004BD0
_I2C_DO_SEND_ADR_READ                          text70       004B3E
_I2C_DO_SEND_ADR_WRITE                         text69       004B2E
_I2C_DO_SEND_RESTART                           text63       004BE8
_I2C_DO_SEND_RESTART_READ                      text65       004BF8
_I2C_DO_SEND_RESTART_WRITE                     text64       004BF0
_I2C_DO_SEND_STOP                              text62       004BE0
_I2C_DO_TX                                     text68       003C26
_I2C_DO_TX_EMPTY                               text72       00417A
_I2C_Initialize                                text31       004AF6
_I2C_MasterClearIrq                            text96       004C4C
_I2C_MasterClose                               text95       004C48
_I2C_MasterDisableIrq                          text94       004C44
_I2C_MasterEnableRestart                       text91       004C3C
_I2C_MasterFsm                                 text56       0042E6
_I2C_MasterGetRxData                           text77       004C28
_I2C_MasterIsNack                              text74       004B0A
_I2C_MasterOpen                                text51       004A70
_I2C_MasterOperation                           text53       0046F6
_I2C_MasterRead                                text52       004BC0
_I2C_MasterSendAck                             text76       004C08
_I2C_MasterSendNack                            text78       004C0E
_I2C_MasterSendTxData                          text75       004C00
_I2C_MasterSetIrq                              text73       004C24
_I2C_MasterStart                               text92       004C40
_I2C_MasterStartRx                             text79       004C2C
_I2C_MasterStop                                text90       004C38
_I2C_MasterWaitForEvent                        text55       004B1E
_I2C_MasterWrite                               text48       004BB8
_I2C_Open                                      text50       0040EC
_I2C_Poller                                    text54       004A92
_I2C_ReadNBytes                                text49       004628
_I2C_SetAddressNackCallback                    text47       004AB0
_I2C_SetBuffer                                 text89       004A4C
_I2C_SetCallback                               text88       0041F6
_I2C_SetDataCompleteCallback                   text87       004AC8
_I2C_Status                                    bssBANK1     000100
_I2C_WriteNBytes                               text46       0044DE
_INTCON2bits                                   (abs)        000FF1
_INTCONbits                                    (abs)        000FF2
_INTERRUPT_Initialize                          text30       004C20
_INTERRUPT_InterruptManager                    intcode      000008
_LATA                                          (abs)        000F89
_LATB                                          (abs)        000F8A
_LATC                                          (abs)        000F8B
_LATD                                          (abs)        000F8C
_LATE                                          (abs)        000F8D
_OSCCON                                        (abs)        000FD3
_OSCILLATOR_Initialize                         text29       004B7C
_OSCTUNE                                       (abs)        000F9B
_PIE1bits                                      (abs)        000F9D
_PIN_MANAGER_Initialize                        text28       00489A
_PIR1bits                                      (abs)        000F9E
_PIR2bits                                      (abs)        000FA1
_RCONbits                                      (abs)        000FD0
_RCREG                                         (abs)        000FAE
_RCSTA                                         (abs)        000FAB
_RCSTAbits                                     (abs)        000FAB
_SHT40_Read                                    text45       0046B2
_SHT40_humy_GetValue                           text39       0034B8
_SHT40_temp_GetValue                           text38       0039CC
_SPBRG                                         (abs)        000FAF
_SPBRGH                                        (abs)        000FB0
_SSPADD                                        (abs)        000FC8
_SSPBUF                                        (abs)        000FC9
_SSPCON1                                       (abs)        000FC6
_SSPCON1bits                                   (abs)        000FC6
_SSPCON2                                       (abs)        000FC5
_SSPCON2bits                                   (abs)        000FC5
_SSPSTAT                                       (abs)        000FC7
_SSPSTATbits                                   (abs)        000FC7
_SYSTEM_Initialize                             text27       004AE0
_TRISA                                         (abs)        000F92
_TRISB                                         (abs)        000F93
_TRISC                                         (abs)        000F94
_TRISD                                         (abs)        000F95
_TRISE                                         (abs)        000F96
_TXREG                                         (abs)        000FAD
_TXSTA                                         (abs)        000FAC
_TXSTAbits                                     (abs)        000FAC
_WPUB                                          (abs)        000F7C
__HRAM                                         (abs)        000000
__Habs1                                        abs1         000000
__Hbank0                                       bank0        000000
__Hbank1                                       bank1        000000
__Hbank10                                      bank10       000000
__Hbank11                                      bank11       000000
__Hbank12                                      bank12       000000
__Hbank13                                      bank13       000000
__Hbank14                                      bank14       000000
__Hbank15                                      bank15       000000
__Hbank2                                       bank2        000000
__Hbank3                                       bank3        000000
__Hbank4                                       bank4        000000
__Hbank5                                       bank5        000000
__Hbank6                                       bank6        000000
__Hbank7                                       bank7        000000
__Hbank8                                       bank8        000000
__Hbank9                                       bank9        000000
__Hbigbss                                      bigbss       000000
__Hbigdata                                     bigdata      000000
__Hbigram                                      bigram       000000
__Hbss                                         bss          000000
__HbssBANK0                                    bssBANK0     000000
__HbssBANK1                                    bssBANK1     000000
__HbssCOMRAM                                   bssCOMRAM    000000
__Hcinit                                       cinit        000000
__Hclrtext                                     clrtext      000000
__Hcomram                                      comram       000000
__Hconfig                                      config       30000E
__Hconst                                       const        000000
__HcstackBANK0                                 cstackBANK0  000000
__HcstackBANK1                                 cstackBANK1  000000
__HcstackCOMRAM                                cstackCOMRAM 000000
__Hdata                                        data         000000
__Heeprom_data                                 eeprom_data  000000
__Hfarbss                                      farbss       000000
__Hfardata                                     fardata      000000
__Hibigdata                                    ibigdata     000000
__Hidata                                       idata        000000
__Hidloc                                       idloc        200008
__Hifardata                                    ifardata     000000
__Hinit                                        init         0000B4
__Hintcode                                     intcode      0000B0
__Hintcode_body                                intcode_body 000000
__Hintcodelo                                   intcodelo    0000B0
__Hintentry                                    intentry     000000
__Hintret                                      intret       000000
__Hintsave_regs                                intsave_regs 000000
__Hirdata                                      irdata       000000
__Hmediumconst                                 mediumconst  000000
__HnvBANK0                                     nvBANK0      000000
__HnvBANK1                                     nvBANK1      000000
__HnvFARRAM                                    nvFARRAM     000000
__Hnvbit                                       nvbit        000000
__Hnvrram                                      nvrram       000000
__Hparam                                       rparam       000000
__Hpowerup                                     powerup      0000B0
__Hram                                         ram          000000
__Hramtop                                      ramtop       001000
__Hrbit                                        rbit         000000
__Hrbss                                        rbss         000000
__Hrdata                                       rdata        000000
__Hreset_vec                                   reset_vec    000004
__Hrparam                                      rparam       000000
__Hsfr                                         sfr          000000
__Hsmallconst                                  smallconst   00106A
__Hspace_0                                     (abs)        004C52
__Hspace_1                                     (abs)        00018A
__Hspace_2                                     (abs)        000000
__Hspace_4                                     (abs)        60000E
__Hstack                                       stack        000000
__Hstruct                                      struct       000000
__Htemp                                        temp         00005B
__Htext                                        text         000000
__Htext0                                       text0        000000
__Htext1                                       text1        000000
__Htext10                                      text10       000000
__Htext100                                     text100      000000
__Htext101                                     text101      000000
__Htext102                                     text102      000000
__Htext103                                     text103      000000
__Htext104                                     text104      000000
__Htext11                                      text11       000000
__Htext12                                      text12       000000
__Htext13                                      text13       000000
__Htext14                                      text14       000000
__Htext15                                      text15       000000
__Htext16                                      text16       000000
__Htext17                                      text17       000000
__Htext18                                      text18       000000
__Htext19                                      text19       000000
__Htext2                                       text2        000000
__Htext20                                      text20       000000
__Htext21                                      text21       000000
__Htext22                                      text22       000000
__Htext23                                      text23       000000
__Htext24                                      text24       000000
__Htext25                                      text25       000000
__Htext26                                      text26       000000
__Htext27                                      text27       000000
__Htext28                                      text28       000000
__Htext29                                      text29       000000
__Htext3                                       text3        000000
__Htext30                                      text30       000000
__Htext31                                      text31       000000
__Htext32                                      text32       000000
__Htext33                                      text33       000000
__Htext34                                      text34       000000
__Htext35                                      text35       000000
__Htext36                                      text36       000000
__Htext37                                      text37       000000
__Htext38                                      text38       000000
__Htext39                                      text39       000000
__Htext4                                       text4        000000
__Htext40                                      text40       000000
__Htext41                                      text41       000000
__Htext42                                      text42       000000
__Htext43                                      text43       000000
__Htext44                                      text44       000000
__Htext45                                      text45       000000
__Htext46                                      text46       000000
__Htext47                                      text47       000000
__Htext48                                      text48       000000
__Htext49                                      text49       000000
__Htext5                                       text5        000000
__Htext50                                      text50       000000
__Htext51                                      text51       000000
__Htext52                                      text52       000000
__Htext53                                      text53       000000
__Htext54                                      text54       000000
__Htext55                                      text55       000000
__Htext56                                      text56       000000
__Htext57                                      text57       000000
__Htext58                                      text58       000000
__Htext59                                      text59       000000
__Htext6                                       text6        000000
__Htext60                                      text60       000000
__Htext61                                      text61       000000
__Htext62                                      text62       000000
__Htext63                                      text63       000000
__Htext64                                      text64       000000
__Htext65                                      text65       000000
__Htext66                                      text66       000000
__Htext67                                      text67       000000
__Htext68                                      text68       000000
__Htext69                                      text69       000000
__Htext7                                       text7        000000
__Htext70                                      text70       000000
__Htext71                                      text71       000000
__Htext72                                      text72       000000
__Htext73                                      text73       000000
__Htext74                                      text74       000000
__Htext75                                      text75       000000
__Htext76                                      text76       000000
__Htext77                                      text77       000000
__Htext78                                      text78       000000
__Htext79                                      text79       000000
__Htext8                                       text8        000000
__Htext80                                      text80       000000
__Htext81                                      text81       000000
__Htext82                                      text82       000000
__Htext83                                      text83       000000
__Htext84                                      text84       000000
__Htext85                                      text85       000000
__Htext86                                      text86       000000
__Htext87                                      text87       000000
__Htext88                                      text88       000000
__Htext89                                      text89       000000
__Htext9                                       text9        000000
__Htext90                                      text90       000000
__Htext91                                      text91       000000
__Htext92                                      text92       000000
__Htext93                                      text93       000000
__Htext94                                      text94       000000
__Htext95                                      text95       000000
__Htext96                                      text96       000000
__Htext98                                      text98       000000
__Htext99                                      text99       000000
__LRAM                                         (abs)        000001
__Labs1                                        abs1         000000
__Lbank0                                       bank0        000000
__Lbank1                                       bank1        000000
__Lbank10                                      bank10       000000
__Lbank11                                      bank11       000000
__Lbank12                                      bank12       000000
__Lbank13                                      bank13       000000
__Lbank14                                      bank14       000000
__Lbank15                                      bank15       000000
__Lbank2                                       bank2        000000
__Lbank3                                       bank3        000000
__Lbank4                                       bank4        000000
__Lbank5                                       bank5        000000
__Lbank6                                       bank6        000000
__Lbank7                                       bank7        000000
__Lbank8                                       bank8        000000
__Lbank9                                       bank9        000000
__Lbigbss                                      bigbss       000000
__Lbigdata                                     bigdata      000000
__Lbigram                                      bigram       000000
__Lbss                                         bss          000000
__LbssBANK0                                    bssBANK0     000000
__LbssBANK1                                    bssBANK1     000000
__LbssCOMRAM                                   bssCOMRAM    000000
__Lcinit                                       cinit        000000
__Lclrtext                                     clrtext      000000
__Lcomram                                      comram       000000
__Lconfig                                      config       000000
__Lconst                                       const        000000
__LcstackBANK0                                 cstackBANK0  000000
__LcstackBANK1                                 cstackBANK1  000000
__LcstackCOMRAM                                cstackCOMRAM 000000
__Ldata                                        data         000000
__Leeprom_data                                 eeprom_data  000000
__Lfarbss                                      farbss       000000
__Lfardata                                     fardata      000000
__Libigdata                                    ibigdata     000000
__Lidata                                       idata        000000
__Lidloc                                       idloc        000000
__Lifardata                                    ifardata     000000
__Linit                                        init         0000B0
__Lintcode                                     intcode      000008
__Lintcode_body                                intcode_body 000000
__Lintcodelo                                   intcodelo    0000B0
__Lintentry                                    intentry     000000
__Lintret                                      intret       000000
__Lintsave_regs                                intsave_regs 000000
__Lirdata                                      irdata       000000
__Lmediumconst                                 mediumconst  000000
__LnvBANK0                                     nvBANK0      000000
__LnvBANK1                                     nvBANK1      000000
__LnvFARRAM                                    nvFARRAM     000000
__Lnvbit                                       nvbit        000000
__Lnvrram                                      nvrram       000000
__Lparam                                       rparam       000000
__Lpowerup                                     powerup      0000B0
__Lram                                         ram          000000
__Lramtop                                      ramtop       001000
__Lrbit                                        rbit         000000
__Lrbss                                        rbss         000000
__Lrdata                                       rdata        000000
__Lreset_vec                                   reset_vec    000000
__Lrparam                                      rparam       000000
__Lsfr                                         sfr          000000
__Lsmallconst                                  smallconst   001000
__Lspace_0                                     (abs)        000000
__Lspace_1                                     (abs)        000000
__Lspace_2                                     (abs)        000000
__Lspace_4                                     (abs)        000000
__Lstack                                       stack        000000
__Lstruct                                      struct       000000
__Ltemp                                        temp         00005A
__Ltext                                        text         000000
__Ltext0                                       text0        000000
__Ltext1                                       text1        000000
__Ltext10                                      text10       000000
__Ltext100                                     text100      000000
__Ltext101                                     text101      000000
__Ltext102                                     text102      000000
__Ltext103                                     text103      000000
__Ltext104                                     text104      000000
__Ltext11                                      text11       000000
__Ltext12                                      text12       000000
__Ltext13                                      text13       000000
__Ltext14                                      text14       000000
__Ltext15                                      text15       000000
__Ltext16                                      text16       000000
__Ltext17                                      text17       000000
__Ltext18                                      text18       000000
__Ltext19                                      text19       000000
__Ltext2                                       text2        000000
__Ltext20                                      text20       000000
__Ltext21                                      text21       000000
__Ltext22                                      text22       000000
__Ltext23                                      text23       000000
__Ltext24                                      text24       000000
__Ltext25                                      text25       000000
__Ltext26                                      text26       000000
__Ltext27                                      text27       000000
__Ltext28                                      text28       000000
__Ltext29                                      text29       000000
__Ltext3                                       text3        000000
__Ltext30                                      text30       000000
__Ltext31                                      text31       000000
__Ltext32                                      text32       000000
__Ltext33                                      text33       000000
__Ltext34                                      text34       000000
__Ltext35                                      text35       000000
__Ltext36                                      text36       000000
__Ltext37                                      text37       000000
__Ltext38                                      text38       000000
__Ltext39                                      text39       000000
__Ltext4                                       text4        000000
__Ltext40                                      text40       000000
__Ltext41                                      text41       000000
__Ltext42                                      text42       000000
__Ltext43                                      text43       000000
__Ltext44                                      text44       000000
__Ltext45                                      text45       000000
__Ltext46                                      text46       000000
__Ltext47                                      text47       000000
__Ltext48                                      text48       000000
__Ltext49                                      text49       000000
__Ltext5                                       text5        000000
__Ltext50                                      text50       000000
__Ltext51                                      text51       000000
__Ltext52                                      text52       000000
__Ltext53                                      text53       000000
__Ltext54                                      text54       000000
__Ltext55                                      text55       000000
__Ltext56                                      text56       000000
__Ltext57                                      text57       000000
__Ltext58                                      text58       000000
__Ltext59                                      text59       000000
__Ltext6                                       text6        000000
__Ltext60                                      text60       000000
__Ltext61                                      text61       000000
__Ltext62                                      text62       000000
__Ltext63                                      text63       000000
__Ltext64                                      text64       000000
__Ltext65                                      text65       000000
__Ltext66                                      text66       000000
__Ltext67                                      text67       000000
__Ltext68                                      text68       000000
__Ltext69                                      text69       000000
__Ltext7                                       text7        000000
__Ltext70                                      text70       000000
__Ltext71                                      text71       000000
__Ltext72                                      text72       000000
__Ltext73                                      text73       000000
__Ltext74                                      text74       000000
__Ltext75                                      text75       000000
__Ltext76                                      text76       000000
__Ltext77                                      text77       000000
__Ltext78                                      text78       000000
__Ltext79                                      text79       000000
__Ltext8                                       text8        000000
__Ltext80                                      text80       000000
__Ltext81                                      text81       000000
__Ltext82                                      text82       000000
__Ltext83                                      text83       000000
__Ltext84                                      text84       000000
__Ltext85                                      text85       000000
__Ltext86                                      text86       000000
__Ltext87                                      text87       000000
__Ltext88                                      text88       000000
__Ltext89                                      text89       000000
__Ltext9                                       text9        000000
__Ltext90                                      text90       000000
__Ltext91                                      text91       000000
__Ltext92                                      text92       000000
__Ltext93                                      text93       000000
__Ltext94                                      text94       000000
__Ltext95                                      text95       000000
__Ltext96                                      text96       000000
__Ltext98                                      text98       000000
__Ltext99                                      text99       000000
__S0                                           (abs)        004C52
__S1                                           (abs)        00018A
__S2                                           (abs)        000000
__S4                                           (abs)        000000
__S5                                           (abs)        000000
___awdiv                                       text22       003B62
___awdiv@counter                               cstackCOMRAM 000009
___awdiv@dividend                              cstackCOMRAM 000005
___awdiv@divisor                               cstackCOMRAM 000007
___awdiv@quotient                              cstackCOMRAM 00000B
___awdiv@sign                                  cstackCOMRAM 00000A
___awmod                                       text21       003DAA
___awmod@counter                               cstackCOMRAM 000009
___awmod@dividend                              cstackCOMRAM 000005
___awmod@divisor                               cstackCOMRAM 000007
___awmod@sign                                  cstackCOMRAM 00000A
___fladd                                       text44       0022D4
___fladd@a                                     cstackCOMRAM 00003B
___fladd@aexp                                  cstackCOMRAM 000044
___fladd@b                                     cstackCOMRAM 000037
___fladd@bexp                                  cstackCOMRAM 000045
___fladd@grs                                   cstackCOMRAM 000046
___fladd@signs                                 cstackCOMRAM 000043
___fldiv                                       text43       002BBE
___fldiv@a                                     cstackCOMRAM 000022
___fldiv@aexp                                  cstackCOMRAM 000036
___fldiv@b                                     cstackCOMRAM 00001E
___fldiv@bexp                                  cstackCOMRAM 000035
___fldiv@grs                                   cstackCOMRAM 000031
___fldiv@new_exp                               cstackCOMRAM 00002F
___fldiv@rem                                   cstackCOMRAM 00002A
___fldiv@sign                                  cstackCOMRAM 00002E
___fleq                                        text20       003F06
___fleq@ff1                                    cstackCOMRAM 000005
___fleq@ff2                                    cstackCOMRAM 000009
___flge                                        text42       0036EE
___flge@ff1                                    cstackCOMRAM 00001E
___flge@ff2                                    cstackCOMRAM 000022
___flmul                                       text41       002794
___flmul@a                                     cstackCOMRAM 000009
___flmul@aexp                                  cstackCOMRAM 000012
___flmul@b                                     cstackCOMRAM 000005
___flmul@bexp                                  cstackCOMRAM 000017
___flmul@grs                                   cstackCOMRAM 000013
___flmul@prod                                  cstackCOMRAM 000018
___flmul@sign                                  cstackCOMRAM 000011
___flmul@temp                                  cstackCOMRAM 00001C
___flneg                                       text19       0047F4
___flneg@f1                                    cstackCOMRAM 000005
___flsub                                       text18       0045E2
___flsub@a                                     cstackCOMRAM 00004B
___flsub@b                                     cstackCOMRAM 000047
___fltol                                       text17       0035E8
___fltol@exp1                                  cstackCOMRAM 00000E
___fltol@f1                                    cstackCOMRAM 000005
___fltol@sign1                                 cstackCOMRAM 00000D
___fpclassifyf                                 text16       0037F2
___fpclassifyf@F463                            bssBANK0     0000E1
___fpclassifyf@e                               cstackCOMRAM 00000D
___fpclassifyf@u                               cstackCOMRAM 00000F
___fpclassifyf@x                               cstackCOMRAM 000005
___inthi_sp                                    stack        000000
___intlo_sp                                    stack        000000
___param_bank                                  (abs)        000000
___rparam_used                                 (abs)        000001
___sp                                          stack        000000
___wmul                                        text26       004A26
___wmul@multiplicand                           cstackCOMRAM 000007
___wmul@multiplier                             cstackCOMRAM 000005
___wmul@product                                cstackCOMRAM 000009
___xxtofl                                      text40       00316A
___xxtofl@arg                                  cstackCOMRAM 00000F
___xxtofl@exp                                  cstackCOMRAM 00000E
___xxtofl@sign                                 cstackCOMRAM 00000D
___xxtofl@val                                  cstackCOMRAM 000005
__accesstop                                    (abs)        000060
__activetblptr                                 (abs)        000003
__end_of_EUSART_DefaultErrorHandler            text102      004C20
__end_of_EUSART_DefaultFramingErrorHandler     text101      004C52
__end_of_EUSART_DefaultOverrunErrorHandler     text100      004C1A
__end_of_EUSART_Initialize                     text32       0042E6
__end_of_EUSART_Receive_ISR                    text99       003DAA
__end_of_EUSART_RxDataHandler                  text103      0049D2
__end_of_EUSART_SetErrorHandler                text37       004BB8
__end_of_EUSART_SetFramingErrorHandler         text36       004BAE
__end_of_EUSART_SetOverrunErrorHandler         text35       004BA4
__end_of_EUSART_SetRxInterruptHandler          text34       004B9A
__end_of_EUSART_SetTxInterruptHandler          text33       004B90
__end_of_EUSART_Transmit_ISR                   text98       00477C
__end_of_EUSART_Write                          text14       004590
__end_of_I2C_CallbackReturnReset               text80       004C34
__end_of_I2C_CallbackReturnStop                text81       004C38
__end_of_I2C_Close                             text93       0049A6
__end_of_I2C_DO_ADDRESS_NACK                   text57       0043BC
__end_of_I2C_DO_IDLE                           text71       004B72
__end_of_I2C_DO_RCEN                           text66       004B66
__end_of_I2C_DO_RESET                          text58       004B5A
__end_of_I2C_DO_RX                             text67       004056
__end_of_I2C_DO_RX_ACK                         text61       004BE0
__end_of_I2C_DO_RX_NACK_RESTART                text59       004BD0
__end_of_I2C_DO_RX_NACK_STOP                   text60       004BD8
__end_of_I2C_DO_SEND_ADR_READ                  text70       004B4E
__end_of_I2C_DO_SEND_ADR_WRITE                 text69       004B3E
__end_of_I2C_DO_SEND_RESTART                   text63       004BF0
__end_of_I2C_DO_SEND_RESTART_READ              text65       004C00
__end_of_I2C_DO_SEND_RESTART_WRITE             text64       004BF8
__end_of_I2C_DO_SEND_STOP                      text62       004BE8
__end_of_I2C_DO_TX                             text68       003CEA
__end_of_I2C_DO_TX_EMPTY                       text72       0041F6
__end_of_I2C_Initialize                        text31       004B0A
__end_of_I2C_MasterClearIrq                    text96       004C50
__end_of_I2C_MasterClose                       text95       004C4C
__end_of_I2C_MasterDisableIrq                  text94       004C48
__end_of_I2C_MasterEnableRestart               text91       004C40
__end_of_I2C_MasterFsm                         text56       004356
__end_of_I2C_MasterGetRxData                   text77       004C2C
__end_of_I2C_MasterIsNack                      text74       004B1E
__end_of_I2C_MasterOpen                        text51       004A92
__end_of_I2C_MasterOperation                   text53       00473A
__end_of_I2C_MasterRead                        text52       004BC8
__end_of_I2C_MasterSendAck                     text76       004C0E
__end_of_I2C_MasterSendNack                    text78       004C14
__end_of_I2C_MasterSendTxData                  text75       004C08
__end_of_I2C_MasterSetIrq                      text73       004C28
__end_of_I2C_MasterStart                       text92       004C44
__end_of_I2C_MasterStartRx                     text79       004C30
__end_of_I2C_MasterStop                        text90       004C3C
__end_of_I2C_MasterWaitForEvent                text55       004B2E
__end_of_I2C_MasterWrite                       text48       004BC0
__end_of_I2C_Open                              text50       00417A
__end_of_I2C_Poller                            text54       004AB0
__end_of_I2C_ReadNBytes                        text49       00466E
__end_of_I2C_SetAddressNackCallback            text47       004AC8
__end_of_I2C_SetBuffer                         text89       004A70
__end_of_I2C_SetCallback                       text88       004270
__end_of_I2C_SetDataCompleteCallback           text87       004AE0
__end_of_I2C_WriteNBytes                       text46       004538
__end_of_INTERRUPT_Initialize                  text30       004C24
__end_of_INTERRUPT_InterruptManager            intcode      0000B0
__end_of_OSCILLATOR_Initialize                 text29       004B86
__end_of_PIN_MANAGER_Initialize                text28       0048CA
__end_of_SHT40_Read                            text45       0046F6
__end_of_SHT40_humy_GetValue                   text39       0035E8
__end_of_SHT40_temp_GetValue                   text38       003A9C
__end_of_SYSTEM_Initialize                     text27       004AF6
__end_of___awdiv                               text22       003C26
__end_of___awmod                               text21       003E5A
__end_of___fladd                               text44       002794
__end_of___fldiv                               text43       002F58
__end_of___fleq                                text20       003FB0
__end_of___flge                                text42       0037F2
__end_of___flmul                               text41       002BBE
__end_of___flneg                               text19       00482C
__end_of___flsub                               text18       004628
__end_of___fltol                               text17       0036EE
__end_of___fpclassifyf                         text16       0038F0
__end_of___wmul                                text26       004A4C
__end_of___xxtofl                              text40       00331E
__end_of__initialization                       cinit        0049F2
__end_of_atoi                                  text23       0034B8
__end_of_efgtoa                                text5        001C68
__end_of_floorf                                text15       00316A
__end_of_fputc                                 text12       0040EC
__end_of_fputs                                 text11       0046B2
__end_of_fsmStateTable                         smallconst   001021
__end_of_isdigit                               text25       004864
__end_of_isspace                               text24       0045E2
__end_of_isupper                               text7        0047F4
__end_of_main                                  text0        003F06
__end_of_pad                                   text9        003B62
__end_of_printf                                text1        004A26
__end_of_putch                                 text13       004B7C
__end_of_rd1RegCompleteHandler                 text85       00494E
__end_of_rd2RegCompleteHandler                 text84       004922
__end_of_rdBlkRegCompleteHandler               text82       0047BC
__end_of_strcpy                                text8        0044DE
__end_of_strlen                                text10       00489A
__end_of_strncmp                               text4        0039CC
__end_of_tolower                               text6        004480
__end_of_vfpfcnvrt                             text3        0022D4
__end_of_vfprintf                              text2        004420
__end_of_wr1RegCompleteHandler                 text83       0048F6
__end_of_wr2RegCompleteHandler                 text86       00497A
__initialization                               cinit        0049D2
__mediumconst                                  mediumconst  000000
__pbssBANK0                                    bssBANK0     0000C5
__pbssBANK1                                    bssBANK1     000100
__pbssCOMRAM                                   bssCOMRAM    000056
__pcinit                                       cinit        0049D2
__pcstackBANK0                                 cstackBANK0  000060
__pcstackBANK1                                 cstackBANK1  000184
__pcstackCOMRAM                                cstackCOMRAM 000001
__pintcode                                     intcode      000008
__pnvBANK0                                     nvBANK0      0000FA
__pnvBANK1                                     nvBANK1      00017E
__psmallconst                                  smallconst   001000
__ptext0                                       text0        003E5A
__ptext1                                       text1        0049FC
__ptext10                                      text10       004864
__ptext100                                     text100      004C14
__ptext101                                     text101      004C50
__ptext102                                     text102      004C1A
__ptext103                                     text103      0049A6
__ptext104                                     text104      000000
__ptext11                                      text11       00466E
__ptext12                                      text12       004056
__ptext13                                      text13       004B72
__ptext14                                      text14       004538
__ptext15                                      text15       002F58
__ptext16                                      text16       0037F2
__ptext17                                      text17       0035E8
__ptext18                                      text18       0045E2
__ptext19                                      text19       0047F4
__ptext2                                       text2        0043BC
__ptext20                                      text20       003F06
__ptext21                                      text21       003DAA
__ptext22                                      text22       003B62
__ptext23                                      text23       00331E
__ptext24                                      text24       004590
__ptext25                                      text25       00482C
__ptext26                                      text26       004A26
__ptext27                                      text27       004AE0
__ptext28                                      text28       00489A
__ptext29                                      text29       004B7C
__ptext3                                       text3        001C68
__ptext30                                      text30       004C20
__ptext31                                      text31       004AF6
__ptext32                                      text32       004270
__ptext33                                      text33       004B86
__ptext34                                      text34       004B90
__ptext35                                      text35       004B9A
__ptext36                                      text36       004BA4
__ptext37                                      text37       004BAE
__ptext38                                      text38       0039CC
__ptext39                                      text39       0034B8
__ptext4                                       text4        0038F0
__ptext40                                      text40       00316A
__ptext41                                      text41       002794
__ptext42                                      text42       0036EE
__ptext43                                      text43       002BBE
__ptext44                                      text44       0022D4
__ptext45                                      text45       0046B2
__ptext46                                      text46       0044DE
__ptext47                                      text47       004AB0
__ptext48                                      text48       004BB8
__ptext49                                      text49       004628
__ptext5                                       text5        00106A
__ptext50                                      text50       0040EC
__ptext51                                      text51       004A70
__ptext52                                      text52       004BC0
__ptext53                                      text53       0046F6
[...]
      Temps:          4       0       0       0       0       0       0       0       0       0       0       0       0       0       0       0       0
      Totals:         4       0       0       0       0       0       0       0       0       0       0       0       0       0       0       0       0
Total ram usage:        4 bytes
 Hardware stack levels used:    1
 Hardware stack levels required when called:    3
 This function calls:
		Absolute function
		_EUSART_Receive_ISR
		_EUSART_Transmit_ISR
 This function is called by:
		Interrupt level 2
 This function uses a non-reentrant model


 *************** function _EUSART_Transmit_ISR *****************
 Defined at:
		line 206 in file "mcc_generated_files/eusart.c"
 Parameters:    Size  Location     Type
		None
 Auto vars:     Size  Location     Type
		None
 Return value:  Size  Location     Type
                  1    wreg      void 
 Registers used:
		wreg, fsr2l, fsr2h, status,2, status,0
 Tracked objects:
		On entry : 
		On exit  : 
		Unchanged: 
 Data sizes:     COMRAM   BANK0   BANK1   BANK2   BANK3   BANK4   BANK5   BANK6   BANK7   BANK8   BANK9  BANK10  BANK11  BANK12  BANK13  BANK14  BANK15
      Params:         0       0       0       0       0       0       0       0       0       0       0       0       0       0       0       0       0
      Locals:         0       0       0       0       0       0       0       0       0       0       0       0       0       0       0       0       0
      Temps:          0       0       0       0       0       0       0       0       0       0       0       0       0       0       0       0       0
      Totals:         0       0       0       0       0       0       0       0       0       0       0       0       0       0       0       0       0
Total ram usage:        0 bytes
 Hardware stack levels used:    1
 This function calls:
		Nothing
 This function is called by:
		_EUSART_Initialize
		_INTERRUPT_InterruptManager
 This function uses a non-reentrant model


 *************** function _EUSART_Receive_ISR *****************
 Defined at:
		line 225 in file "mcc_generated_files/eusart.c"
 Parameters:    Size  Location     Type
		None
 Auto vars:     Size  Location     Type
		None
 Return value:  Size  Location     Type
                  1    wreg      void 
 Registers used:
		wreg, fsr2l, fsr2h, status,2, status,0, pclath, tosl, cstack
 Tracked objects:
		On entry : 
		On exit  : 
		Unchanged: 
 Data sizes:     COMRAM   BANK0   BANK1   BANK2   BANK3   BANK4   BANK5   BANK6   BANK7   BANK8   BANK9  BANK10  BANK11  BANK12  BANK13  BANK14  BANK15
      Params:         0       0       0       0       0       0       0       0       0       0       0       0       0       0       0       0       0
      Locals:         0       0       0       0       0       0       0       0       0       0       0       0       0       0       0       0       0
      Temps:          0       0       0       0       0       0       0       0       0       0       0       0       0       0       0       0       0
      Totals:         0       0       0       0       0       0       0       0       0       0       0       0       0       0       0       0       0
Total ram usage:        0 bytes
 Hardware stack levels used:    1
 Hardware stack levels required when called:    2
 This function calls:
		Absolute function
		_EUSART_DefaultErrorHandler
		_EUSART_DefaultFramingErrorHandler
		_EUSART_DefaultOverrunErrorHandler
		_EUSART_RxDataHandler
 This function is called by:
		_EUSART_Initialize
		_INTERRUPT_InterruptManager
 This function uses a non-reentrant model


 *************** function _EUSART_DefaultOverrunErrorHandler *****************
 Defined at:
		line 261 in file "mcc_generated_files/eusart.c"
 Parameters:    Size  Location     Type
		None
 Auto vars:     Size  Location     Type
		None
 Return value:  Size  Location     Type
                  1    wreg      void 
 Registers used:
		None
 Tracked objects:
		On entry : 
		On exit  : 
		Unchanged: 
 Data sizes:     COMRAM   BANK0   BANK1   BANK2   BANK3   BANK4   BANK5   BANK6   BANK7   BANK8   BANK9  BANK10  BANK11  BANK12  BANK13  BANK14  BANK15
      Params:         0       0       0       0       0       0       0       0       0       0       0       0       0       0       0       0       0
      Locals:         0       0       0       0       0       0       0       0       0       0       0       0       0       0       0       0       0
      Temps:          0       0       0       0       0       0       0       0       0       0       0       0       0       0       0       0       0
      Totals:         0       0       0       0       0       0       0       0       0       0       0       0       0       0       0       0       0
Total ram usage:        0 bytes
 Hardware stack levels used:    1
 This function calls:
		Nothing
 This function is called by:
		_EUSART_Initialize
		_EUSART_Receive_ISR
 This function uses a non-reentrant model


 *************** function _EUSART_DefaultFramingErrorHandler *****************
 Defined at:
		line 259 in file "mcc_generated_files/eusart.c"
 Parameters:    Size  Location     Type
		None
 Auto vars:     Size  Location     Type
		None
 Return value:  Size  Location     Type
                  1    wreg      void 
 Registers used:
		None
 Tracked objects:
		On entry : 
		On exit  : 
		Unchanged: 
 Data sizes:     COMRAM   BANK0   BANK1   BANK2   BANK3   BANK4   BANK5   BANK6   BANK7   BANK8   BANK9  BANK10  BANK11  BANK12  BANK13  BANK14  BANK15
      Params:         0       0       0       0       0       0       0       0       0       0       0       0       0       0       0       0       0
      Locals:         0       0       0       0       0       0       0       0       0       0       0       0       0       0       0       0       0
      Temps:          0       0       0       0       0       0       0       0       0       0       0       0       0       0       0       0       0
      Totals:         0       0       0       0       0       0       0       0       0       0       0       0       0       0       0       0       0
Total ram usage:        0 bytes
 Hardware stack levels used:    1
 This function calls:
		Nothing
 This function is called by:
		_EUSART_Initialize
		_EUSART_Receive_ISR
 This function uses a non-reentrant model


 *************** function _EUSART_DefaultErrorHandler *****************
 Defined at:
		line 269 in file "mcc_generated_files/eusart.c"
 Parameters:    Size  Location     Type
		None
 Auto vars:     Size  Location     Type
		None
 Return value:  Size  Location     Type
                  1    wreg      void 
 Registers used:
		wreg, fsr2l, fsr2h, status,2, status,0, cstack
 Tracked objects:
		On entry : 
		On exit  : 
		Unchanged: 
 Data sizes:     COMRAM   BANK0   BANK1   BANK2   BANK3   BANK4   BANK5   BANK6   BANK7   BANK8   BANK9  BANK10  BANK11  BANK12  BANK13  BANK14  BANK15
      Params:         0       0       0       0       0       0       0       0       0       0       0       0       0       0       0       0       0
      Locals:         0       0       0       0       0       0       0       0       0       0       0       0       0       0       0       0       0
      Temps:          0       0       0       0       0       0       0       0       0       0       0       0       0       0       0       0       0
      Totals:         0       0       0       0       0       0       0       0       0       0       0       0       0       0       0       0       0
Total ram usage:        0 bytes
 Hardware stack levels used:    1
 Hardware stack levels required when called:    1
 This function calls:
		_EUSART_RxDataHandler
 This function is called by:
		_EUSART_Initialize
		_EUSART_Receive_ISR
 This function uses a non-reentrant model


 *************** function _EUSART_RxDataHandler *****************
 Defined at:
		line 249 in file "mcc_generated_files/eusart.c"
 Parameters:    Size  Location     Type
		None
 Auto vars:     Size  Location     Type
		None
 Return value:  Size  Location     Type
                  1    wreg      void 
 Registers used:
		wreg, fsr2l, fsr2h, status,2, status,0
 Tracked objects:
		On entry : 
		On exit  : 
		Unchanged: 
 Data sizes:     COMRAM   BANK0   BANK1   BANK2   BANK3   BANK4   BANK5   BANK6   BANK7   BANK8   BANK9  BANK10  BANK11  BANK12  BANK13  BANK14  BANK15
      Params:         0       0       0       0       0       0       0       0       0       0       0       0       0       0       0       0       0
      Locals:         0       0       0       0       0       0       0       0       0       0       0       0       0       0       0       0       0
      Temps:          0       0       0       0       0       0       0       0       0       0       0       0       0       0       0       0       0
      Totals:         0       0       0       0       0       0       0       0       0       0       0       0       0       0       0       0       0
Total ram usage:        0 bytes
 Hardware stack levels used:    1
 This function calls:
		Nothing
 This function is called by:
		_EUSART_Receive_ISR
		_EUSART_DefaultErrorHandler
 This function uses a non-reentrant model



MODULE INFORMATION

Module		Function		Class		Link	Load	Size
C:\Program Files\Microchip\xc8\v2.20\pic\sources\c99\common\nf_fputc.c
		_fputc         		CODE           	4056	0000	151

C:\Program Files\Microchip\xc8\v2.20\pic\sources\c99\common\nf_fputc.c estimated size: 151

sht40.c
		_SHT40_humy_GetValue		CODE           	34B8	0000	305
		_SHT40_temp_GetValue		CODE           	39CC	0000	209
		_SHT40_Read    		CODE           	46B2	0000	69

sht40.c estimated size: 583

C:\Program Files\Microchip\xc8\v2.20\pic\sources\c99\common\isdigit.c
		_isdigit       		CODE           	482C	0000	57

C:\Program Files\Microchip\xc8\v2.20\pic\sources\c99\common\isdigit.c estimated size: 57

C:\Program Files\Microchip\xc8\v2.20\pic\sources\c99\common\sprcadd.c
		___flsub       		CODE           	45E2	0000	71
		___fladd       		CODE           	22D4	0000	1217

C:\Program Files\Microchip\xc8\v2.20\pic\sources\c99\common\sprcadd.c estimated size: 1288

C:\Program Files\Microchip\xc8\v2.20\pic\sources\c99\common\doprnt.c
		_vfpfcnvrt     		CODE           	1C68	0000	1645
		_efgtoa        		CODE           	106A	0000	3071
		_pad           		CODE           	3A9C	0000	199
		_vfprintf      		CODE           	43BC	0000	101

C:\Program Files\Microchip\xc8\v2.20\pic\sources\c99\common\doprnt.c estimated size: 5016

mcc_generated_files/interrupt_manager.c
		_INTERRUPT_Initialize		CODE           	4C20	0000	5
		_INTERRUPT_InterruptManager		CODE           	0008	0000	169

mcc_generated_files/interrupt_manager.c estimated size: 174

C:\Program Files\Microchip\xc8\v2.20\pic\sources\c99\common\flneg.c
		___flneg       		CODE           	47F4	0000	57

C:\Program Files\Microchip\xc8\v2.20\pic\sources\c99\common\flneg.c estimated size: 57

mcc_generated_files/examples/i2c_master_example.c
		_wr1RegCompleteHandler		CODE           	48CA	0000	45
		_wr2RegCompleteHandler		CODE           	494E	0000	45
		_rdBlkRegCompleteHandler		CODE           	477C	0000	65
		_rd1RegCompleteHandler		CODE           	4922	0000	45
		_rd2RegCompleteHandler		CODE           	48F6	0000	45
		_I2C_ReadNBytes		CODE           	4628	0000	71
		_I2C_WriteNBytes		CODE           	44DE	0000	91

mcc_generated_files/examples/i2c_master_example.c estimated size: 407

C:\Program Files\Microchip\xc8\v2.20\pic\sources\c99\common\Umul16.c
		___wmul        		CODE           	4A26	0000	39

C:\Program Files\Microchip\xc8\v2.20\pic\sources\c99\common\Umul16.c estimated size: 39

mcc_generated_files/pin_manager.c
		_PIN_MANAGER_Initialize		CODE           	489A	0000	49

mcc_generated_files/pin_manager.c estimated size: 49

C:\Program Files\Microchip\xc8\v2.20\pic\sources\c99\common\flge.c
		___flge        		CODE           	36EE	0000	261

C:\Program Files\Microchip\xc8\v2.20\pic\sources\c99\common\flge.c estimated size: 261

C:\Program Files\Microchip\xc8\v2.20\pic\sources\c99\common\awmod.c
		___awmod       		CODE           	3DAA	0000	177

C:\Program Files\Microchip\xc8\v2.20\pic\sources\c99\common\awmod.c estimated size: 177

C:\Program Files\Microchip\xc8\v2.20\pic\sources\c99\common\nf_fputs.c
		_fputs         		CODE           	466E	0000	69

C:\Program Files\Microchip\xc8\v2.20\pic\sources\c99\common\nf_fputs.c estimated size: 69

C:\Program Files\Microchip\xc8\v2.20\pic\sources\c99\common\isupper.c
		_isupper       		CODE           	47BC	0000	57

C:\Program Files\Microchip\xc8\v2.20\pic\sources\c99\common\isupper.c estimated size: 57

shared
		__initialization		CODE           	49D2	0000	33
		_fsmStateTable 		SMALLCONST     	1001	0000	33

shared estimated size: 66

mcc_generated_files/mcc.c
		_OSCILLATOR_Initialize		CODE           	4B7C	0000	11
		_SYSTEM_Initialize		CODE           	4AE0	0000	23

mcc_generated_files/mcc.c estimated size: 34

C:\Program Files\Microchip\xc8\v2.20\pic\sources\c99\common\isspace.c
		_isspace       		CODE           	4590	0000	83

C:\Program Files\Microchip\xc8\v2.20\pic\sources\c99\common\isspace.c estimated size: 83

C:\Program Files\Microchip\xc8\v2.20\pic\sources\c99\common\printf.c
		_printf        		CODE           	49FC	0000	43

C:\Program Files\Microchip\xc8\v2.20\pic\sources\c99\common\printf.c estimated size: 43

C:\Program Files\Microchip\xc8\v2.20\pic\sources\c99\common\strlen.c
		_strlen        		CODE           	4864	0000	55

C:\Program Files\Microchip\xc8\v2.20\pic\sources\c99\common\strlen.c estimated size: 55

C:\Program Files\Microchip\xc8\v2.20\pic\sources\c99\common\strncmp.c
		_strncmp       		CODE           	38F0	0000	221

C:\Program Files\Microchip\xc8\v2.20\pic\sources\c99\common\strncmp.c estimated size: 221

C:\Program Files\Microchip\xc8\v2.20\pic\sources\c99\common\tolower.c
		_tolower       		CODE           	4420	0000	97

C:\Program Files\Microchip\xc8\v2.20\pic\sources\c99\common\tolower.c estimated size: 97

C:\Program Files\Microchip\xc8\v2.20\pic\sources\c99\common\floorf.c
		_floorf        		CODE           	2F58	0000	531

C:\Program Files\Microchip\xc8\v2.20\pic\sources\c99\common\floorf.c estimated size: 531

C:\Program Files\Microchip\xc8\v2.20\pic\sources\c99\common\sprcmul.c
		___flmul       		CODE           	2794	0000	1067

C:\Program Files\Microchip\xc8\v2.20\pic\sources\c99\common\sprcmul.c estimated size: 1067

C:\Program Files\Microchip\xc8\v2.20\pic\sources\c99\common\strcpy.c
		_strcpy        		CODE           	4480	0000	95

C:\Program Files\Microchip\xc8\v2.20\pic\sources\c99\common\strcpy.c estimated size: 95

mcc_generated_files/i2c_master.c
		_I2C_Close     		CODE           	497A	0000	45
		_I2C_MasterStartRx		CODE           	4C2C	0000	5
		_I2C_DO_SEND_ADR_WRITE		CODE           	4B2E	0000	17
		_I2C_MasterWaitForEvent		CODE           	4B1E	0000	17
		_I2C_DO_SEND_STOP		CODE           	4BE0	0000	9
		_I2C_MasterSendNack		CODE           	4C0E	0000	7
		_I2C_MasterDisableIrq		CODE           	4C44	0000	5
		_I2C_CallbackReturnStop		CODE           	4C34	0000	5
		_I2C_MasterOperation		CODE           	46F6	0000	69
		_I2C_DO_SEND_ADR_READ		CODE           	4B3E	0000	17
		_I2C_DO_RX_NACK_STOP		CODE           	4BD0	0000	9
		_I2C_DO_SEND_RESTART		CODE           	4BE8	0000	9
		_I2C_DO_RX     		CODE           	3FB0	0000	167
		_I2C_DO_TX     		CODE           	3C26	0000	197
		_I2C_DO_IDLE   		CODE           	4B66	0000	13
		_I2C_DO_RCEN   		CODE           	4B5A	0000	13
		_I2C_Poller    		CODE           	4A92	0000	31
		_I2C_DO_RESET  		CODE           	4B4E	0000	13
		_I2C_MasterClose		CODE           	4C48	0000	5
		_I2C_MasterWrite		CODE           	4BB8	0000	9
		_I2C_DO_RX_ACK 		CODE           	4BD8	0000	9
		_I2C_MasterStart		CODE           	4C40	0000	5
		_I2C_MasterClearIrq		CODE           	4C4C	0000	5
		_I2C_MasterGetRxData		CODE           	4C28	0000	5
		_I2C_SetCallback		CODE           	41F6	0000	123
		_I2C_DO_ADDRESS_NACK		CODE           	4356	0000	103
		_I2C_MasterEnableRestart		CODE           	4C3C	0000	5
		_I2C_CallbackReturnReset		CODE           	4C30	0000	5
		_I2C_Open      		CODE           	40EC	0000	143
		_I2C_SetAddressNackCallback		CODE           	4AB0	0000	25
		_I2C_DO_TX_EMPTY		CODE           	417A	0000	125
		_I2C_DO_SEND_RESTART_WRITE		CODE           	4BF0	0000	9
		_I2C_MasterIsNack		CODE           	4B0A	0000	21
		_I2C_SetDataCompleteCallback		CODE           	4AC8	0000	25
		_I2C_DO_RX_NACK_RESTART		CODE           	4BC8	0000	9
		_I2C_MasterSendAck		CODE           	4C08	0000	7
		_I2C_MasterFsm 		CODE           	42E6	0000	113
		_I2C_MasterSetIrq		CODE           	4C24	0000	5
		_I2C_DO_SEND_RESTART_READ		CODE           	4BF8	0000	9
		_I2C_Initialize		CODE           	4AF6	0000	21
		_I2C_SetBuffer 		CODE           	4A4C	0000	37
		_I2C_MasterRead		CODE           	4BC0	0000	9
		_I2C_MasterOpen		CODE           	4A70	0000	35
		_I2C_MasterSendTxData		CODE           	4C00	0000	9
		_I2C_MasterStop		CODE           	4C38	0000	5

mcc_generated_files/i2c_master.c estimated size: 1529

C:\Program Files\Microchip\xc8\v2.20\pic\sources\c99\common\sprcdiv.c
		___fldiv       		CODE           	2BBE	0000	923

C:\Program Files\Microchip\xc8\v2.20\pic\sources\c99\common\sprcdiv.c estimated size: 923

mcc_generated_files/eusart.c
		_EUSART_SetRxInterruptHandler		CODE           	4B90	0000	11
		_EUSART_SetTxInterruptHandler		CODE           	4B86	0000	11
		_putch         		CODE           	4B72	0000	11
		_EUSART_DefaultOverrunErrorHandler		CODE           	4C14	0000	7
		_EUSART_Write  		CODE           	4538	0000	89
		_EUSART_DefaultErrorHandler		CODE           	4C1A	0000	7
		_EUSART_Transmit_ISR		CODE           	473A	0000	67
		_EUSART_Initialize		CODE           	4270	0000	119
		_EUSART_SetFramingErrorHandler		CODE           	4BA4	0000	11
		_EUSART_SetErrorHandler		CODE           	4BAE	0000	11
		_EUSART_SetOverrunErrorHandler		CODE           	4B9A	0000	11
		_EUSART_Receive_ISR		CODE           	3CEA	0000	193
		_EUSART_RxDataHandler		CODE           	49A6	0000	45
		_EUSART_DefaultFramingErrorHandler		CODE           	4C50	0000	3

mcc_generated_files/eusart.c estimated size: 596

C:\Program Files\Microchip\xc8\v2.20\pic\sources\c99\common\awdiv.c
		___awdiv       		CODE           	3B62	0000	197

C:\Program Files\Microchip\xc8\v2.20\pic\sources\c99\common\awdiv.c estimated size: 197

C:\Program Files\Microchip\xc8\v2.20\pic\sources\c99\common\atoi.c
		_atoi          		CODE           	331E	0000	411

C:\Program Files\Microchip\xc8\v2.20\pic\sources\c99\common\atoi.c estimated size: 411

C:\Program Files\Microchip\xc8\v2.20\pic\sources\c99\common\__fpclassifyf.c
		___fpclassifyf 		CODE           	37F2	0000	255

C:\Program Files\Microchip\xc8\v2.20\pic\sources\c99\common\__fpclassifyf.c estimated size: 255

C:\Program Files\Microchip\xc8\v2.20\pic\sources\c99\common\fltol.c
		___fltol       		CODE           	35E8	0000	263

C:\Program Files\Microchip\xc8\v2.20\pic\sources\c99\common\fltol.c estimated size: 263

C:\Program Files\Microchip\xc8\v2.20\pic\sources\c99\common\fleq.c
		___fleq        		CODE           	3F06	0000	171

C:\Program Files\Microchip\xc8\v2.20\pic\sources\c99\common\fleq.c estimated size: 171

main.c
		_main          		CODE           	3E5A	0000	173

main.c estimated size: 173

C:\Program Files\Microchip\xc8\v2.20\pic\sources\c99\common\xxtofl.c
		___xxtofl      		CODE           	316A	0000	437

C:\Program Files\Microchip\xc8\v2.20\pic\sources\c99\common\xxtofl.c estimated size: 437

