Microchip MPLAB XC8 Compiler V2.32

Linker command line:

-W-3 --edf=C:\Program Files\Microchip\xc8\v2.32\pic\dat\en_msgs.txt -cn \
  -h+dist/default/production\SHT40MK1v4.0.X.production.sym \
  --cmf=dist/default/production\SHT40MK1v4.0.X.production.cmf -z -Q18F46K20 \
  -oC:\Users\Torben\AppData\Local\Temp\xcAsi3s.4 --defsym=__MPLAB_BUILD=1 \
  -Mdist/default/production/SHT40MK1v4.0.X.production.map -E1 \
  -ver=XC8 Compiler --acfsm=1493 -ASTACK=0188h-0F5Fh -pstack=STACK \
  -ACODE=00h-0FFFFh -ACONST=00h-0FFFFh -ASMALLCONST=01000h-010FFhx240 \
  -AMEDIUMCONST=01000h-0FFFFh -ACOMRAM=01h-05Fh -AABS1=00h-0F5Fh \
  -ABIGRAM=01h-0F5Fh -ARAM=060h-0FFh,0100h-01FFhx14,0F00h-0F5Fh \
  -ABANK0=060h-0FFh -ABANK1=0100h-01FFh -ABANK2=0200h-02FFh \
  -ABANK3=0300h-03FFh -ABANK4=0400h-04FFh -ABANK5=0500h-05FFh \
  -ABANK6=0600h-06FFh -ABANK7=0700h-07FFh -ABANK8=0800h-08FFh \
  -ABANK9=0900h-09FFh -ABANK10=0A00h-0AFFh -ABANK11=0B00h-0BFFh \
  -ABANK12=0C00h-0CFFh -ABANK13=0D00h-0DFFh -ABANK14=0E00h-0EFFh \
  -ABANK15=0F00h-0F5Fh -ASFR=0F60h-0FFFh -ACONFIG=0300000h-030000Dh \
  -AIDLOC=0200000h-0200007h -AEEDATA=0F00000h-0F003FFh -peeprom_data=EEDATA \
  -preset_vec=00h,intcode=08h,intcodelo,powerup,init -pramtop=01000h \
  -psmallconst=SMALLCONST -pmediumconst=MEDIUMCONST -pconst=CONST \
  -AFARRAM=00h-00h \
  -prdata=COMRAM,nvrram=COMRAM,nvbit=COMRAM,rbss=COMRAM,rbit=COMRAM \
  -pfarbss=FARRAM,fardata=FARRAM,nvFARRAM=FARRAM \
  -pintsave_regs=BIGRAM,bigbss=BIGRAM,bigdata=BIGRAM -pbss=RAM \
  -pidata=CODE,irdata=CODE,ibigdata=CODE,ifardata=CODE -prparam=COMRAM \
  C:\Users\Torben\AppData\Local\Temp\xcAsi3s.o \
  dist/default/production\SHT40MK1v4.0.X.production.o 

Object code version is 3.11

Machine type is 18F46K20



                Name                               Link     Load   Length Selector   Space Scale
C:\Users\Torben\AppData\Local\Temp\xcAsi3s.o
                idloc                            200000   200000        8        0       5
                config                           300000   300000        E        0       4
                init                                 B0       B0        4        4       0
                reset_vec                             0        0        4        0       0
dist/default/production\SHT40MK1v4.0.X.production.o
                intcode                               8        8       A8        4       0
                idloc                            200000   200000        8        0       5
                config                           300000   300000        E        0       4
                temp                                 5A       5A        1        1       1
                smallconst                         1000     1000       6A      800       0
                text103                            4A3C     4A3C       2C      835       0
                text102                            4CAE     4CAE        6      835       0
                text101                            4CE4     4CE4        2      835       0
                text100                            4CA8     4CA8        6      835       0
                text99                             3D82     3D82       BE      835       0
                text98                             47D0     47D0       42      835       0
                text96                             4CE0     4CE0        4      835       0
                text95                             4CDC     4CDC        4      835       0
                text94                             4CD8     4CD8        4      835       0
                text93                             4A10     4A10       2C      835       0
                text92                             4CD4     4CD4        4      835       0
                text91                             4CD0     4CD0        4      835       0
                text90                             4CCC     4CCC        4      835       0
                text89                             4AE0     4AE0       24      835       0
                text88                             428C     428C       7A      835       0
                text87                             4B5C     4B5C       18      835       0
                text86                             49E4     49E4       2C      835       0
                text85                             49B8     49B8       2C      835       0
                text84                             498C     498C       2C      835       0
                text83                             4960     4960       2C      835       0
                text82                             4812     4812       40      835       0
                text81                             4CC8     4CC8        4      835       0
                text80                             4CC4     4CC4        4      835       0
                text79                             4CC0     4CC0        4      835       0
                text78                             4CA2     4CA2        6      835       0
                text77                             4CBC     4CBC        4      835       0
                text76                             4C9C     4C9C        6      835       0
                text75                             4C94     4C94        8      835       0
                text74                             4B9E     4B9E       14      835       0
                text73                             4CB8     4CB8        4      835       0
                text72                             4210     4210       7C      835       0
                text71                             4BFA     4BFA        C      835       0
                text70                             4BD2     4BD2       10      835       0
                text69                             4BC2     4BC2       10      835       0
                text68                             3CBE     3CBE       C4      835       0
                text67                             4046     4046       A6      835       0
                text66                             4BEE     4BEE        C      835       0
                text65                             4C8C     4C8C        8      835       0
                text64                             4C84     4C84        8      835       0
                text63                             4C7C     4C7C        8      835       0
                text62                             4C74     4C74        8      835       0
                text61                             4C6C     4C6C        8      835       0
                text60                             4C64     4C64        8      835       0
                text59                             4C5C     4C5C        8      835       0
                text58                             4BE2     4BE2        C      835       0
                text57                             43EC     43EC       66      835       0
                text56                             437C     437C       70      835       0
                text55                             4BB2     4BB2       10      835       0
                text54                             4B26     4B26       1E      835       0
                text53                             478C     478C       44      835       0
                text52                             4C54     4C54        8      835       0
                text51                             4B04     4B04       22      835       0
                text50                             4182     4182       8E      835       0
                text49                             46BE     46BE       46      835       0
                text48                             4C4C     4C4C        8      835       0
                text47                             4B44     4B44       18      835       0
                text46                             4574     4574       5A      835       0
                text45                             4748     4748       44      835       0
                text44                             237C     237C      4C0      835       0
                text43                             2C66     2C66      39A      835       0
                text42                             378E     378E      104      835       0
                text41                             283C     283C      42A      835       0
                text40                             3212     3212      1B4      835       0
                text39                             3560     3560      128      835       0
                text38                             3A6C     3A6C       C8      835       0
                text37                             4C42     4C42        A      835       0
                text36                             4C38     4C38        A      835       0
                text35                             4C2E     4C2E        A      835       0
                text34                             4C24     4C24        A      835       0
                text33                             4C1A     4C1A        A      835       0
                text32                             4306     4306       76      835       0
                text31                             4B8A     4B8A       14      835       0
                text30                             4CB4     4CB4        4      835       0
                text29                             4C10     4C10        A      835       0
                text28                             4930     4930       30      835       0
                text27                             4B74     4B74       16      835       0
                text26                             4ABA     4ABA       26      835       0
                text25                             48C2     48C2       38      835       0
                text24                             4626     4626       52      835       0
                text23                             33C6     33C6      19A      835       0
                text22                             3BFA     3BFA       C4      835       0
                text21                             3E40     3E40       B0      835       0
                text20                             3F9C     3F9C       AA      835       0
                text19                             488A     488A       38      835       0
                text18                             4678     4678       46      835       0
                text17                             3688     3688      106      835       0
                text16                             3892     3892       FE      835       0
                text15                             3000     3000      212      835       0
                text14                             45CE     45CE       58      835       0
                text13                             4C06     4C06        A      835       0
                text12                             40EC     40EC       96      835       0
                text11                             4704     4704       44      835       0
                text10                             48FA     48FA       36      835       0
                text9                              3B34     3B34       C6      835       0
                text8                              4516     4516       5E      835       0
                text7                              4852     4852       38      835       0
                text6                              44B6     44B6       60      835       0
                text5                              106A     106A      CA6      835       0
                text4                              3990     3990       DC      835       0
                text3                              1D10     1D10      66C      835       0
                text2                              4452     4452       64      835       0
                text1                              4A92     4A92       28      835       0
                text0                              3EF0     3EF0       AC      835       0
                cstackCOMRAM                          1        1       55        1       1
                cstackBANK0                          60       60       63       60       1
                cstackBANK1                         17E      17E        6      100       1
                bssBANK1                            100      100       7E      100       1
                bssBANK0                             C3       C3       35       60       1
                bssCOMRAM                            56       56        4        1       1
                cinit                              4A68     4A68       2A      835       0
                nvBANK1                             184      184        4      100       1
                nvBANK0                              F8       F8        7       60       1

TOTAL           Name                               Link     Load   Length     Space
        CLASS   STACK          

        CLASS   CODE           
                intcode                               8        8       A8         0
                init                                 B0       B0        4         0
                reset_vec                             0        0        4         0
                text103                            4A3C     4A3C       2C         0
                text102                            4CAE     4CAE        6         0
                text101                            4CE4     4CE4        2         0
                text100                            4CA8     4CA8        6         0
                text99                             3D82     3D82       BE         0
                text98                             47D0     47D0       42         0
                text96                             4CE0     4CE0        4         0
                text95                             4CDC     4CDC        4         0
                text94                             4CD8     4CD8        4         0
                text93                             4A10     4A10       2C         0
                text92                             4CD4     4CD4        4         0
                text91                             4CD0     4CD0        4         0
                text90                             4CCC     4CCC        4         0
                text89                             4AE0     4AE0       24         0
                text88                             428C     428C       7A         0
                text87                             4B5C     4B5C       18         0
                text86                             49E4     49E4       2C         0
                text85                             49B8     49B8       2C         0
                text84                             498C     498C       2C         0
                text83                             4960     4960       2C         0
                text82                             4812     4812       40         0
                text81                             4CC8     4CC8        4         0
                text80                             4CC4     4CC4        4         0
                text79                             4CC0     4CC0        4         0
                text78                             4CA2     4CA2        6         0
                text77                             4CBC     4CBC        4         0
                text76                             4C9C     4C9C        6         0
                text75                             4C94     4C94        8         0
                text74                             4B9E     4B9E       14         0
                text73                             4CB8     4CB8        4         0
                text72                             4210     4210       7C         0
                text71                             4BFA     4BFA        C         0
                text70                             4BD2     4BD2       10         0
                text69                             4BC2     4BC2       10         0
                text68                             3CBE     3CBE       C4         0
                text67                             4046     4046       A6         0
                text66                             4BEE     4BEE        C         0
                text65                             4C8C     4C8C        8         0
                text64                             4C84     4C84        8         0
                text63                             4C7C     4C7C        8         0
                text62                             4C74     4C74        8         0
                text61                             4C6C     4C6C        8         0
                text60                             4C64     4C64        8         0
                text59                             4C5C     4C5C        8         0
                text58                             4BE2     4BE2        C         0
                text57                             43EC     43EC       66         0
                text56                             437C     437C       70         0
                text55                             4BB2     4BB2       10         0
                text54                             4B26     4B26       1E         0
                text53                             478C     478C       44         0
                text52                             4C54     4C54        8         0
                text51                             4B04     4B04       22         0
                text50                             4182     4182       8E         0
                text49                             46BE     46BE       46         0
                text48                             4C4C     4C4C        8         0
                text47                             4B44     4B44       18         0
                text46                             4574     4574       5A         0
                text45                             4748     4748       44         0
                text44                             237C     237C      4C0         0
                text43                             2C66     2C66      39A         0
                text42                             378E     378E      104         0
                text41                             283C     283C      42A         0
                text40                             3212     3212      1B4         0
                text39                             3560     3560      128         0
                text38                             3A6C     3A6C       C8         0
                text37                             4C42     4C42        A         0
                text36                             4C38     4C38        A         0
                text35                             4C2E     4C2E        A         0
                text34                             4C24     4C24        A         0
                text33                             4C1A     4C1A        A         0
                text32                             4306     4306       76         0
                text31                             4B8A     4B8A       14         0
                text30                             4CB4     4CB4        4         0
                text29                             4C10     4C10        A         0
                text28                             4930     4930       30         0
                text27                             4B74     4B74       16         0
                text26                             4ABA     4ABA       26         0
                text25                             48C2     48C2       38         0
                text24                             4626     4626       52         0
                text23                             33C6     33C6      19A         0
                text22                             3BFA     3BFA       C4         0
                text21                             3E40     3E40       B0         0
                text20                             3F9C     3F9C       AA         0
                text19                             488A     488A       38         0
                text18                             4678     4678       46         0
                text17                             3688     3688      106         0
                text16                             3892     3892       FE         0
                text15                             3000     3000      212         0
                text14                             45CE     45CE       58         0
                text13                             4C06     4C06        A         0
                text12                             40EC     40EC       96         0
                text11                             4704     4704       44         0
                text10                             48FA     48FA       36         0
                text9                              3B34     3B34       C6         0
                text8                              4516     4516       5E         0
                text7                              4852     4852       38         0
                text6                              44B6     44B6       60         0
                text5                              106A     106A      CA6         0
                text4                              3990     3990       DC         0
                text3                              1D10     1D10      66C         0
                text2                              4452     4452       64         0
                text1                              4A92     4A92       28         0
                text0                              3EF0     3EF0       AC         0
                cinit                              4A68     4A68       2A         0

        CLASS   CONST          

        CLASS   SMALLCONST     
                smallconst                         1000     1000       6A         0

        CLASS   MEDIUMCONST    

        CLASS   COMRAM         
                temp                                 5A       5A        1         1
                cstackCOMRAM                          1        1       55         1
                bssCOMRAM                            56       56        4         1

        CLASS   ABS1           

        CLASS   BIGRAM         

        CLASS   RAM            

        CLASS   BANK0          
                cstackBANK0                          60       60       63         1
                bssBANK0                             C3       C3       35         1
                nvBANK0                              F8       F8        7         1

        CLASS   BANK1          
                cstackBANK1                         17E      17E        6         1
                bssBANK1                            100      100       7E         1
                nvBANK1                             184      184        4         1

        CLASS   BANK2          

        CLASS   BANK3          

        CLASS   BANK4          

        CLASS   BANK5          

        CLASS   BANK6          

        CLASS   BANK7          

        CLASS   BANK8          

        CLASS   BANK9          

        CLASS   BANK10         

        CLASS   BANK11         

        CLASS   BANK12         

        CLASS   BANK13         

        CLASS   BANK14         

        CLASS   BANK15         

        CLASS   SFR            

        CLASS   CONFIG         
                config                           300000   300000        E         4

        CLASS   IDLOC          
                idloc                            200000   200000        8         5

        CLASS   EEDATA         

        CLASS   FARRAM         



SEGMENTS        Name                           Load    Length   Top    Selector   Space  Class

                reset_vec                      000000  000004  000004         0       0  CODE    
                cstackCOMRAM                   000001  00005A  00005B         1       1  COMRAM  
                intcode                        000008  0000AC  0000B4         4       0  CODE    
                cstackBANK0                    000060  00009F  0000FF        60       1  BANK0   
                bssBANK1                       000100  000088  000188       100       1  BANK1   
                smallconst                     001000  00006A  00106A       800       0  SMALLCON
                text5                          00106A  003C7C  004CE6       835       0  CODE    


UNUSED ADDRESS RANGES

        Name                Unused          Largest block    Delta
        BANK0            0000FF-0000FF                1
        BANK1            000188-0001FF               78
        BANK10           000A00-000AFF              100
        BANK11           000B00-000BFF              100
        BANK12           000C00-000CFF              100
        BANK13           000D00-000DFF              100
        BANK14           000E00-000EFF              100
        BANK15           000F00-000F5F               60
        BANK2            000200-0002FF              100
        BANK3            000300-0003FF              100
        BANK4            000400-0004FF              100
        BANK5            000500-0005FF              100
        BANK6            000600-0006FF              100
        BANK7            000700-0007FF              100
        BANK8            000800-0008FF              100
        BANK9            000900-0009FF              100
        BIGRAM           00005B-00005F                5
                         0000FF-0000FF                1
                         000188-000F5F              DD8
        CODE             000004-000007                4
                         0000B4-000FFF              F4C
                         004CE6-00FFFF             B31A
        COMRAM           00005B-00005F                5
        CONST            000004-000007                4
                         0000B4-000FFF              F4C
                         004CE6-00FFFF             B31A
        EEDATA           F00000-F003FF              400
        MEDIUMCONST      004CE6-00FFFF             B31A
        RAM              0000FF-0000FF                1
                         000188-000F5F              100
        SFR              000F60-000FFF               A0
        SMALLCONST       004CE6-00FFFF              100
        STACK            000188-000F5F              DD8

                                  Symbol Table

?_SHT40_humy_GetValue                          cstackCOMRAM 000047
?_SHT40_temp_GetValue                          cstackCOMRAM 000047
?___awdiv                                      cstackCOMRAM 000005
?___awmod                                      cstackCOMRAM 000005
?___fladd                                      cstackCOMRAM 000037
?___fldiv                                      cstackCOMRAM 00001E
?___flmul                                      cstackCOMRAM 000005
?___flneg                                      cstackCOMRAM 000005
?___flsub                                      cstackCOMRAM 000047
?___fltol                                      cstackCOMRAM 000005
?___fpclassifyf                                cstackCOMRAM 000005
?___wmul                                       cstackCOMRAM 000005
?___xxtofl                                     cstackCOMRAM 000005
?_atoi                                         cstackCOMRAM 00000C
?_efgtoa                                       cstackCOMRAM 00004F
?_floorf                                       cstackCOMRAM 000037
?_isdigit                                      cstackCOMRAM 000005
?_isspace                                      cstackCOMRAM 000005
?_isupper                                      cstackCOMRAM 000005
?_pad                                          cstackCOMRAM 000017
?_printf                                       cstackBANK1  00017E
?_strlen                                       cstackCOMRAM 000005
?_strncmp                                      cstackCOMRAM 000005
?_tolower                                      cstackCOMRAM 00000B
?_vfpfcnvrt                                    cstackBANK0  00009D
?_vfprintf                                     cstackBANK0  0000B7
EUSART_SetErrorHandler@interruptHandler        cstackCOMRAM 000005
EUSART_SetFramingErrorHandler@interruptHandler cstackCOMRAM 000005
EUSART_SetOverrunErrorHandler@interruptHandler cstackCOMRAM 000005
EUSART_SetRxInterruptHandler@interruptHandler  cstackCOMRAM 000005
EUSART_SetTxInterruptHandler@interruptHandler  cstackCOMRAM 000005
EUSART_Write@txData                            cstackCOMRAM 000005
I2C_CallbackReturnReset@funPtr                 cstackCOMRAM 00000E
I2C_Close@returnValue                          cstackCOMRAM 000005
I2C_MasterOperation@read                       cstackCOMRAM 000014
I2C_MasterOperation@returnValue                cstackCOMRAM 000015
I2C_MasterSendTxData@data                      cstackCOMRAM 000005
I2C_Open@address                               cstackCOMRAM 000005
I2C_Open@returnValue                           cstackCOMRAM 000006
I2C_ReadNBytes@address                         cstackCOMRAM 00001A
I2C_ReadNBytes@data                            cstackCOMRAM 000016
I2C_ReadNBytes@len                             cstackCOMRAM 000018
I2C_SetAddressNackCallback@cb                  cstackCOMRAM 00000A
I2C_SetAddressNackCallback@ptr                 cstackCOMRAM 00000C
I2C_SetBuffer@buffer                           cstackCOMRAM 000005
I2C_SetBuffer@bufferSize                       cstackCOMRAM 000007
I2C_SetCallback@cb                             cstackCOMRAM 000005
I2C_SetCallback@idx                            cstackCOMRAM 000009
I2C_SetCallback@ptr                            cstackCOMRAM 000007
I2C_SetDataCompleteCallback@cb                 cstackCOMRAM 00000A
I2C_SetDataCompleteCallback@ptr                cstackCOMRAM 00000C
I2C_WriteNBytes@address                        cstackCOMRAM 00001A
I2C_WriteNBytes@data                           cstackCOMRAM 000016
I2C_WriteNBytes@len                            cstackCOMRAM 000018
SHT40_Read@regist                              cstackCOMRAM 00001C
SHT40_humy_GetValue@buffer                     cstackCOMRAM 00004D
SHT40_humy_GetValue@pressDataAnz               cstackCOMRAM 00004F
SHT40_temp_GetValue@buffer                     cstackCOMRAM 00004D
SHT40_temp_GetValue@tempDataAnz                cstackCOMRAM 00004F
_ANSEL                                         (abs)        000F7E
_ANSELH                                        (abs)        000F7F
_BAUDCON                                       (abs)        000FB8
_EUSART_DefaultErrorHandler                    text102      004CAE
_EUSART_DefaultFramingErrorHandler             text101      004CE4
_EUSART_DefaultOverrunErrorHandler             text100      004CA8
_EUSART_ErrorHandler                           nvBANK1      000184
_EUSART_FramingErrorHandler                    nvBANK0      0000F8
_EUSART_Initialize                             text32       004306
_EUSART_OverrunErrorHandler                    nvBANK1      000186
_EUSART_Receive_ISR                            text99       003D82
_EUSART_RxDataHandler                          text103      004A3C
_EUSART_RxDefaultInterruptHandler              nvBANK0      0000FA
_EUSART_SetErrorHandler                        text37       004C42
_EUSART_SetFramingErrorHandler                 text36       004C38
_EUSART_SetOverrunErrorHandler                 text35       004C2E
_EUSART_SetRxInterruptHandler                  text34       004C24
_EUSART_SetTxInterruptHandler                  text33       004C1A
_EUSART_Transmit_ISR                           text98       0047D0
_EUSART_TxDefaultInterruptHandler              nvBANK0      0000FC
_EUSART_Write                                  text14       0045CE
_I2C_CallbackReturnReset                       text80       004CC4
_I2C_CallbackReturnStop                        text81       004CC8
_I2C_Close                                     text93       004A10
_I2C_DO_ADDRESS_NACK                           text57       0043EC
_I2C_DO_IDLE                                   text71       004BFA
_I2C_DO_RCEN                                   text66       004BEE
_I2C_DO_RESET                                  text58       004BE2
_I2C_DO_RX                                     text67       004046
_I2C_DO_RX_ACK                                 text61       004C6C
_I2C_DO_RX_NACK_RESTART                        text59       004C5C
_I2C_DO_RX_NACK_STOP                           text60       004C64
_I2C_DO_SEND_ADR_READ                          text70       004BD2
_I2C_DO_SEND_ADR_WRITE                         text69       004BC2
_I2C_DO_SEND_RESTART                           text63       004C7C
_I2C_DO_SEND_RESTART_READ                      text65       004C8C
_I2C_DO_SEND_RESTART_WRITE                     text64       004C84
_I2C_DO_SEND_STOP                              text62       004C74
_I2C_DO_TX                                     text68       003CBE
_I2C_DO_TX_EMPTY                               text72       004210
_I2C_Initialize                                text31       004B8A
_I2C_MasterClearIrq                            text96       004CE0
_I2C_MasterClose                               text95       004CDC
_I2C_MasterDisableIrq                          text94       004CD8
_I2C_MasterEnableRestart                       text91       004CD0
_I2C_MasterFsm                                 text56       00437C
_I2C_MasterGetRxData                           text77       004CBC
_I2C_MasterIsNack                              text74       004B9E
_I2C_MasterOpen                                text51       004B04
_I2C_MasterOperation                           text53       00478C
_I2C_MasterRead                                text52       004C54
_I2C_MasterSendAck                             text76       004C9C
_I2C_MasterSendNack                            text78       004CA2
_I2C_MasterSendTxData                          text75       004C94
_I2C_MasterSetIrq                              text73       004CB8
_I2C_MasterStart                               text92       004CD4
_I2C_MasterStartRx                             text79       004CC0
_I2C_MasterStop                                text90       004CCC
_I2C_MasterWaitForEvent                        text55       004BB2
_I2C_MasterWrite                               text48       004C4C
_I2C_Open                                      text50       004182
_I2C_Poller                                    text54       004B26
_I2C_ReadNBytes                                text49       0046BE
_I2C_SetAddressNackCallback                    text47       004B44
_I2C_SetBuffer                                 text89       004AE0
_I2C_SetCallback                               text88       00428C
_I2C_SetDataCompleteCallback                   text87       004B5C
_I2C_Status                                    bssBANK1     000100
_I2C_WriteNBytes                               text46       004574
_INTCON2bits                                   (abs)        000FF1
_INTCONbits                                    (abs)        000FF2
_INTERRUPT_Initialize                          text30       004CB4
_INTERRUPT_InterruptManager                    intcode      000008
_LATA                                          (abs)        000F89
_LATB                                          (abs)        000F8A
_LATC                                          (abs)        000F8B
_LATD                                          (abs)        000F8C
_LATE                                          (abs)        000F8D
_OSCCON                                        (abs)        000FD3
_OSCILLATOR_Initialize                         text29       004C10
_OSCTUNE                                       (abs)        000F9B
_PIE1bits                                      (abs)        000F9D
_PIN_MANAGER_Initialize                        text28       004930
_PIR1bits                                      (abs)        000F9E
_PIR2bits                                      (abs)        000FA1
_RCONbits                                      (abs)        000FD0
_RCREG                                         (abs)        000FAE
_RCSTA                                         (abs)        000FAB
_RCSTAbits                                     (abs)        000FAB
_SHT40_Read                                    text45       004748
_SHT40_humy_GetValue                           text39       003560
_SHT40_temp_GetValue                           text38       003A6C
_SPBRG                                         (abs)        000FAF
_SPBRGH                                        (abs)        000FB0
_SSPADD                                        (abs)        000FC8
_SSPBUF                                        (abs)        000FC9
_SSPCON1                                       (abs)        000FC6
_SSPCON1bits                                   (abs)        000FC6
_SSPCON2                                       (abs)        000FC5
_SSPCON2bits                                   (abs)        000FC5
_SSPSTAT                                       (abs)        000FC7
_SSPSTATbits                                   (abs)        000FC7
_SYSTEM_Initialize                             text27       004B74
_TRISA                                         (abs)        000F92
_TRISB                                         (abs)        000F93
_TRISC                                         (abs)        000F94
_TRISD                                         (abs)        000F95
_TRISE                                         (abs)        000F96
_TXREG                                         (abs)        000FAD
_TXSTA                                         (abs)        000FAC
_TXSTAbits                                     (abs)        000FAC
_WPUB                                          (abs)        000F7C
__HRAM                                         (abs)        000000
__Habs1                                        abs1         000000
__Hbank0                                       bank0        000000
__Hbank1                                       bank1        000000
__Hbank10                                      bank10       000000
__Hbank11                                      bank11       000000
__Hbank12                                      bank12       000000
__Hbank13                                      bank13       000000
__Hbank14                                      bank14       000000
__Hbank15                                      bank15       000000
__Hbank2                                       bank2        000000
__Hbank3                                       bank3        000000
__Hbank4                                       bank4        000000
__Hbank5                                       bank5        000000
__Hbank6                                       bank6        000000
__Hbank7                                       bank7        000000
__Hbank8                                       bank8        000000
__Hbank9                                       bank9        000000
__Hbigbss                                      bigbss       000000
__Hbigdata                                     bigdata      000000
__Hbigram                                      bigram       000000
__Hbss                                         bss          000000
__HbssBANK0                                    bssBANK0     000000
__HbssBANK1                                    bssBANK1     000000
__HbssCOMRAM                                   bssCOMRAM    000000
__Hcinit                                       cinit        000000
__Hclrtext                                     clrtext      000000
__Hcomram                                      comram       000000
__Hconfig                                      config       30000E
__Hconst                                       const        000000
__HcstackBANK0                                 cstackBANK0  000000
__HcstackBANK1                                 cstackBANK1  000000
__HcstackCOMRAM                                cstackCOMRAM 000000
__Hdata                                        data         000000
__Heeprom_data                                 eeprom_data  000000
__Hfarbss                                      farbss       000000
__Hfardata                                     fardata      000000
__Hibigdata                                    ibigdata     000000
__Hidata                                       idata        000000
__Hidloc                                       idloc        200008
__Hifardata                                    ifardata     000000
__Hinit                                        init         0000B4
__Hintcode                                     intcode      0000B0
__Hintcode_body                                intcode_body 000000
__Hintcodelo                                   intcodelo    0000B0
__Hintentry                                    intentry     000000
__Hintret                                      intret       000000
__Hintsave_regs                                intsave_regs 000000
__Hirdata                                      irdata       000000
__Hmediumconst                                 mediumconst  000000
__HnvBANK0                                     nvBANK0      000000
__HnvBANK1                                     nvBANK1      000000
__HnvFARRAM                                    nvFARRAM     000000
__Hnvbit                                       nvbit        000000
__Hnvrram                                      nvrram       000000
__Hparam                                       rparam       000000
__Hpowerup                                     powerup      0000B0
__Hram                                         ram          000000
__Hramtop                                      ramtop       001000
__Hrbit                                        rbit         000000
__Hrbss                                        rbss         000000
__Hrdata                                       rdata        000000
__Hreset_vec                                   reset_vec    000004
__Hrparam                                      rparam       000000
__Hsfr                                         sfr          000000
__Hsmallconst                                  smallconst   00106A
__Hspace_0                                     (abs)        004CE6
__Hspace_1                                     (abs)        000188
__Hspace_2                                     (abs)        000000
__Hspace_4                                     (abs)        60000E
__Hstack                                       stack        000000
__Hstruct                                      struct       000000
__Htemp                                        temp         00005B
__Htext                                        text         000000
__Htext0                                       text0        000000
__Htext1                                       text1        000000
__Htext10                                      text10       000000
__Htext100                                     text100      000000
__Htext101                                     text101      000000
__Htext102                                     text102      000000
__Htext103                                     text103      000000
__Htext104                                     text104      000000
__Htext11                                      text11       000000
__Htext12                                      text12       000000
__Htext13                                      text13       000000
__Htext14                                      text14       000000
__Htext15                                      text15       000000
__Htext16                                      text16       000000
__Htext17                                      text17       000000
__Htext18                                      text18       000000
__Htext19                                      text19       000000
__Htext2                                       text2        000000
__Htext20                                      text20       000000
__Htext21                                      text21       000000
__Htext22                                      text22       000000
__Htext23                                      text23       000000
__Htext24                                      text24       000000
__Htext25                                      text25       000000
__Htext26                                      text26       000000
__Htext27                                      text27       000000
__Htext28                                      text28       000000
__Htext29                                      text29       000000
__Htext3                                       text3        000000
__Htext30                                      text30       000000
__Htext31                                      text31       000000
__Htext32                                      text32       000000
__Htext33                                      text33       000000
__Htext34                                      text34       000000
__Htext35                                      text35       000000
__Htext36                                      text36       000000
__Htext37                                      text37       000000
__Htext38                                      text38       000000
__Htext39                                      text39       000000
__Htext4                                       text4        000000
__Htext40                                      text40       000000
__Htext41                                      text41       000000
__Htext42                                      text42       000000
__Htext43                                      text43       000000
__Htext44                                      text44       000000
__Htext45                                      text45       000000
__Htext46                                      text46       000000
__Htext47                                      text47       000000
__Htext48                                      text48       000000
__Htext49                                      text49       000000
__Htext5                                       text5        000000
__Htext50                                      text50       000000
__Htext51                                      text51       000000
__Htext52                                      text52       000000
__Htext53                                      text53       000000
__Htext54                                      text54       000000
__Htext55                                      text55       000000
__Htext56                                      text56       000000
__Htext57                                      text57       000000
__Htext58                                      text58       000000
__Htext59                                      text59       000000
__Htext6                                       text6        000000
__Htext60                                      text60       000000
__Htext61                                      text61       000000
__Htext62                                      text62       000000
__Htext63                                      text63       000000
__Htext64                                      text64       000000
__Htext65                                      text65       000000
__Htext66                                      text66       000000
__Htext67                                      text67       000000
__Htext68                                      text68       000000
__Htext69                                      text69       000000
__Htext7                                       text7        000000
__Htext70                                      text70       000000
__Htext71                                      text71       000000
__Htext72                                      text72       000000
__Htext73                                      text73       000000
__Htext74                                      text74       000000
__Htext75                                      text75       000000
__Htext76                                      text76       000000
__Htext77                                      text77       000000
__Htext78                                      text78       000000
__Htext79                                      text79       000000
__Htext8                                       text8        000000
__Htext80                                      text80       000000
__Htext81                                      text81       000000
__Htext82                                      text82       000000
__Htext83                                      text83       000000
__Htext84                                      text84       000000
__Htext85                                      text85       000000
__Htext86                                      text86       000000
__Htext87                                      text87       000000
__Htext88                                      text88       000000
__Htext89                                      text89       000000
__Htext9                                       text9        000000
__Htext90                                      text90       000000
__Htext91                                      text91       000000
__Htext92                                      text92       000000
__Htext93                                      text93       000000
__Htext94                                      text94       000000
__Htext95                                      text95       000000
__Htext96                                      text96       000000
__Htext98                                      text98       000000
__Htext99                                      text99       000000
__LRAM                                         (abs)        000001
__Labs1                                        abs1         000000
__Lbank0                                       bank0        000000
__Lbank1                                       bank1        000000
__Lbank10                                      bank10       000000
__Lbank11                                      bank11       000000
__Lbank12                                      bank12       000000
__Lbank13                                      bank13       000000
__Lbank14                                      bank14       000000
__Lbank15                                      bank15       000000
__Lbank2                                       bank2        000000
__Lbank3                                       bank3        000000
__Lbank4                                       bank4        000000
__Lbank5                                       bank5        000000
__Lbank6                                       bank6        000000
__Lbank7                                       bank7        000000
__Lbank8                                       bank8        000000
__Lbank9                                       bank9        000000
__Lbigbss                                      bigbss       000000
__Lbigdata                                     bigdata      000000
__Lbigram                                      bigram       000000
__Lbss                                         bss          000000
__LbssBANK0                                    bssBANK0     000000
__LbssBANK1                                    bssBANK1     000000
__LbssCOMRAM                                   bssCOMRAM    000000
__Lcinit                                       cinit        000000
__Lclrtext                                     clrtext      000000
__Lcomram                                      comram       000000
__Lconfig                                      config       000000
__Lconst                                       const        000000
__LcstackBANK0                                 cstackBANK0  000000
__LcstackBANK1                                 cstackBANK1  000000
__LcstackCOMRAM                                cstackCOMRAM 000000
__Ldata                                        data         000000
__Leeprom_data                                 eeprom_data  000000
__Lfarbss                                      farbss       000000
__Lfardata                                     fardata      000000
__Libigdata                                    ibigdata     000000
__Lidata                                       idata        000000
__Lidloc                                       idloc        000000
__Lifardata                                    ifardata     000000
__Linit                                        init         0000B0
__Lintcode                                     intcode      000008
__Lintcode_body                                intcode_body 000000
__Lintcodelo                                   intcodelo    0000B0
__Lintentry                                    intentry     000000
__Lintret                                      intret       000000
__Lintsave_regs                                intsave_regs 000000
__Lirdata                                      irdata       000000
__Lmediumconst                                 mediumconst  000000
__LnvBANK0                                     nvBANK0      000000
__LnvBANK1                                     nvBANK1      000000
__LnvFARRAM                                    nvFARRAM     000000
__Lnvbit                                       nvbit        000000
__Lnvrram                                      nvrram       000000
__Lparam                                       rparam       000000
__Lpowerup                                     powerup      0000B0
__Lram                                         ram          000000
__Lramtop                                      ramtop       001000
__Lrbit                                        rbit         000000
__Lrbss                                        rbss         000000
__Lrdata                                       rdata        000000
__Lreset_vec                                   reset_vec    000000
__Lrparam                                      rparam       000000
__Lsfr                                         sfr          000000
__Lsmallconst                                  smallconst   001000
__Lspace_0                                     (abs)        000000
__Lspace_1                                     (abs)        000000
__Lspace_2                                     (abs)        000000
__Lspace_4                                     (abs)        000000
__Lstack                                       stack        000000
__Lstruct                                      struct       000000
__Ltemp                                        temp         00005A
__Ltext                                        text         000000
__Ltext0                                       text0        000000
__Ltext1                                       text1        000000
__Ltext10                                      text10       000000
__Ltext100                                     text100      000000
__Ltext101                                     text101      000000
__Ltext102                                     text102      000000
__Ltext103                                     text103      000000
__Ltext104                                     text104      000000
__Ltext11                                      text11       000000
__Ltext12                                      text12       000000
__Ltext13                                      text13       000000
__Ltext14                                      text14       000000
__Ltext15                                      text15       000000
__Ltext16                                      text16       000000
__Ltext17                                      text17       000000
__Ltext18                                      text18       000000
__Ltext19                                      text19       000000
__Ltext2                                       text2        000000
__Ltext20                                      text20       000000
__Ltext21                                      text21       000000
__Ltext22                                      text22       000000
__Ltext23                                      text23       000000
__Ltext24                                      text24       000000
__Ltext25                                      text25       000000
__Ltext26                                      text26       000000
__Ltext27                                      text27       000000
__Ltext28                                      text28       000000
__Ltext29                                      text29       000000
__Ltext3                                       text3        000000
__Ltext30                                      text30       000000
__Ltext31                                      text31       000000
__Ltext32                                      text32       000000
__Ltext33                                      text33       000000
__Ltext34                                      text34       000000
__Ltext35                                      text35       000000
__Ltext36                                      text36       000000
__Ltext37                                      text37       000000
__Ltext38                                      text38       000000
__Ltext39                                      text39       000000
__Ltext4                                       text4        000000
__Ltext40                                      text40       000000
__Ltext41                                      text41       000000
__Ltext42                                      text42       000000
__Ltext43                                      text43       000000
__Ltext44                                      text44       000000
__Ltext45                                      text45       000000
__Ltext46                                      text46       000000
__Ltext47                                      text47       000000
__Ltext48                                      text48       000000
__Ltext49                                      text49       000000
__Ltext5                                       text5        000000
__Ltext50                                      text50       000000
__Ltext51                                      text51       000000
__Ltext52                                      text52       000000
__Ltext53                                      text53       000000
__Ltext54                                      text54       000000
__Ltext55                                      text55       000000
__Ltext56                                      text56       000000
__Ltext57                                      text57       000000
__Ltext58                                      text58       000000
__Ltext59                                      text59       000000
__Ltext6                                       text6        000000
__Ltext60                                      text60       000000
__Ltext61                                      text61       000000
__Ltext62                                      text62       000000
__Ltext63                                      text63       000000
__Ltext64                                      text64       000000
__Ltext65                                      text65       000000
__Ltext66                                      text66       000000
__Ltext67                                      text67       000000
__Ltext68                                      text68       000000
__Ltext69                                      text69       000000
__Ltext7                                       text7        000000
__Ltext70                                      text70       000000
__Ltext71                                      text71       000000
__Ltext72                                      text72       000000
__Ltext73                                      text73       000000
__Ltext74                                      text74       000000
__Ltext75                                      text75       000000
__Ltext76                                      text76       000000
__Ltext77                                      text77       000000
__Ltext78                                      text78       000000
__Ltext79                                      text79       000000
__Ltext8                                       text8        000000
__Ltext80                                      text80       000000
__Ltext81                                      text81       000000
__Ltext82                                      text82       000000
__Ltext83                                      text83       000000
__Ltext84                                      text84       000000
__Ltext85                                      text85       000000
__Ltext86                                      text86       000000
__Ltext87                                      text87       000000
__Ltext88                                      text88       000000
__Ltext89                                      text89       000000
__Ltext9                                       text9        000000
__Ltext90                                      text90       000000
__Ltext91                                      text91       000000
__Ltext92                                      text92       000000
__Ltext93                                      text93       000000
__Ltext94                                      text94       000000
__Ltext95                                      text95       000000
__Ltext96                                      text96       000000
__Ltext98                                      text98       000000
__Ltext99                                      text99       000000
__S0                                           (abs)        004CE6
__S1                                           (abs)        000188
__S2                                           (abs)        000000
__S4                                           (abs)        000000
__S5                                           (abs)        000000
___awdiv                                       text22       003BFA
___awdiv@counter                               cstackCOMRAM 000009
___awdiv@dividend                              cstackCOMRAM 000005
___awdiv@divisor                               cstackCOMRAM 000007
___awdiv@quotient                              cstackCOMRAM 00000B
___awdiv@sign                                  cstackCOMRAM 00000A
___awmod                                       text21       003E40
___awmod@counter                               cstackCOMRAM 000009
___awmod@dividend                              cstackCOMRAM 000005
___awmod@divisor                               cstackCOMRAM 000007
___awmod@sign                                  cstackCOMRAM 00000A
___fladd                                       text44       00237C
___fladd@a                                     cstackCOMRAM 00003B
___fladd@aexp                                  cstackCOMRAM 000044
___fladd@b                                     cstackCOMRAM 000037
___fladd@bexp                                  cstackCOMRAM 000045
___fladd@grs                                   cstackCOMRAM 000046
___fladd@signs                                 cstackCOMRAM 000043
___fldiv                                       text43       002C66
___fldiv@a                                     cstackCOMRAM 000022
___fldiv@aexp                                  cstackCOMRAM 000036
___fldiv@b                                     cstackCOMRAM 00001E
___fldiv@bexp                                  cstackCOMRAM 000035
___fldiv@grs                                   cstackCOMRAM 000031
___fldiv@new_exp                               cstackCOMRAM 00002F
___fldiv@rem                                   cstackCOMRAM 00002A
___fldiv@sign                                  cstackCOMRAM 00002E
___fleq                                        text20       003F9C
___fleq@ff1                                    cstackCOMRAM 000005
___fleq@ff2                                    cstackCOMRAM 000009
___flge                                        text42       00378E
___flge@ff1                                    cstackCOMRAM 00001E
___flge@ff2                                    cstackCOMRAM 000022
___flmul                                       text41       00283C
___flmul@a                                     cstackCOMRAM 000009
___flmul@aexp                                  cstackCOMRAM 000016
___flmul@b                                     cstackCOMRAM 000005
___flmul@bexp                                  cstackCOMRAM 000017
___flmul@grs                                   cstackCOMRAM 000012
___flmul@prod                                  cstackCOMRAM 000018
___flmul@sign                                  cstackCOMRAM 000011
___flmul@temp                                  cstackCOMRAM 00001C
___flneg                                       text19       00488A
___flneg@f1                                    cstackCOMRAM 000005
___flsub                                       text18       004678
___flsub@a                                     cstackCOMRAM 00004B
___flsub@b                                     cstackCOMRAM 000047
___fltol                                       text17       003688
___fltol@exp1                                  cstackCOMRAM 00000E
___fltol@f1                                    cstackCOMRAM 000005
___fltol@sign1                                 cstackCOMRAM 00000D
___fpclassifyf                                 text16       003892
___fpclassifyf@F465                            bssBANK0     0000DF
___fpclassifyf@e                               cstackCOMRAM 00000D
___fpclassifyf@u                               cstackCOMRAM 00000F
___fpclassifyf@x                               cstackCOMRAM 000005
___inthi_sp                                    stack        000000
___intlo_sp                                    stack        000000
___param_bank                                  (abs)        000000
___rparam_used                                 (abs)        000001
___sp                                          stack        000000
___wmul                                        text26       004ABA
___wmul@multiplicand                           cstackCOMRAM 000007
___wmul@multiplier                             cstackCOMRAM 000005
___wmul@product                                cstackCOMRAM 000009
___xxtofl                                      text40       003212
___xxtofl@arg                                  cstackCOMRAM 00000F
___xxtofl@exp                                  cstackCOMRAM 00000E
___xxtofl@sign                                 cstackCOMRAM 00000D
___xxtofl@val                                  cstackCOMRAM 000005
__accesstop                                    (abs)        000060
__activetblptr                                 (abs)        000003
__end_of_EUSART_DefaultErrorHandler            text102      004CB4
__end_of_EUSART_DefaultFramingErrorHandler     text101      004CE6
__end_of_EUSART_DefaultOverrunErrorHandler     text100      004CAE
__end_of_EUSART_Initialize                     text32       00437C
__end_of_EUSART_Receive_ISR                    text99       003E40
__end_of_EUSART_RxDataHandler                  text103      004A68
__end_of_EUSART_SetErrorHandler                text37       004C4C
__end_of_EUSART_SetFramingErrorHandler         text36       004C42
__end_of_EUSART_SetOverrunErrorHandler         text35       004C38
__end_of_EUSART_SetRxInterruptHandler          text34       004C2E
__end_of_EUSART_SetTxInterruptHandler          text33       004C24
__end_of_EUSART_Transmit_ISR                   text98       004812
__end_of_EUSART_Write                          text14       004626
__end_of_I2C_CallbackReturnReset               text80       004CC8
__end_of_I2C_CallbackReturnStop                text81       004CCC
__end_of_I2C_Close                             text93       004A3C
__end_of_I2C_DO_ADDRESS_NACK                   text57       004452
__end_of_I2C_DO_IDLE                           text71       004C06
__end_of_I2C_DO_RCEN                           text66       004BFA
__end_of_I2C_DO_RESET                          text58       004BEE
__end_of_I2C_DO_RX                             text67       0040EC
__end_of_I2C_DO_RX_ACK                         text61       004C74
__end_of_I2C_DO_RX_NACK_RESTART                text59       004C64
__end_of_I2C_DO_RX_NACK_STOP                   text60       004C6C
__end_of_I2C_DO_SEND_ADR_READ                  text70       004BE2
__end_of_I2C_DO_SEND_ADR_WRITE                 text69       004BD2
__end_of_I2C_DO_SEND_RESTART                   text63       004C84
__end_of_I2C_DO_SEND_RESTART_READ              text65       004C94
__end_of_I2C_DO_SEND_RESTART_WRITE             text64       004C8C
__end_of_I2C_DO_SEND_STOP                      text62       004C7C
__end_of_I2C_DO_TX                             text68       003D82
__end_of_I2C_DO_TX_EMPTY                       text72       00428C
__end_of_I2C_Initialize                        text31       004B9E
__end_of_I2C_MasterClearIrq                    text96       004CE4
__end_of_I2C_MasterClose                       text95       004CE0
__end_of_I2C_MasterDisableIrq                  text94       004CDC
__end_of_I2C_MasterEnableRestart               text91       004CD4
__end_of_I2C_MasterFsm                         text56       0043EC
__end_of_I2C_MasterGetRxData                   text77       004CC0
__end_of_I2C_MasterIsNack                      text74       004BB2
__end_of_I2C_MasterOpen                        text51       004B26
__end_of_I2C_MasterOperation                   text53       0047D0
__end_of_I2C_MasterRead                        text52       004C5C
__end_of_I2C_MasterSendAck                     text76       004CA2
__end_of_I2C_MasterSendNack                    text78       004CA8
__end_of_I2C_MasterSendTxData                  text75       004C9C
__end_of_I2C_MasterSetIrq                      text73       004CBC
__end_of_I2C_MasterStart                       text92       004CD8
__end_of_I2C_MasterStartRx                     text79       004CC4
__end_of_I2C_MasterStop                        text90       004CD0
__end_of_I2C_MasterWaitForEvent                text55       004BC2
__end_of_I2C_MasterWrite                       text48       004C54
__end_of_I2C_Open                              text50       004210
__end_of_I2C_Poller                            text54       004B44
__end_of_I2C_ReadNBytes                        text49       004704
__end_of_I2C_SetAddressNackCallback            text47       004B5C
__end_of_I2C_SetBuffer                         text89       004B04
__end_of_I2C_SetCallback                       text88       004306
__end_of_I2C_SetDataCompleteCallback           text87       004B74
__end_of_I2C_WriteNBytes                       text46       0045CE
__end_of_INTERRUPT_Initialize                  text30       004CB8
__end_of_INTERRUPT_InterruptManager            intcode      0000B0
__end_of_OSCILLATOR_Initialize                 text29       004C1A
__end_of_PIN_MANAGER_Initialize                text28       004960
__end_of_SHT40_Read                            text45       00478C
__end_of_SHT40_humy_GetValue                   text39       003688
__end_of_SHT40_temp_GetValue                   text38       003B34
__end_of_SYSTEM_Initialize                     text27       004B8A
__end_of___awdiv                               text22       003CBE
__end_of___awmod                               text21       003EF0
__end_of___fladd                               text44       00283C
__end_of___fldiv                               text43       003000
__end_of___fleq                                text20       004046
__end_of___flge                                text42       003892
__end_of___flmul                               text41       002C66
__end_of___flneg                               text19       0048C2
__end_of___flsub                               text18       0046BE
__end_of___fltol                               text17       00378E
__end_of___fpclassifyf                         text16       003990
__end_of___wmul                                text26       004AE0
__end_of___xxtofl                              text40       0033C6
__end_of__initialization                       cinit        004A88
__end_of_atoi                                  text23       003560
__end_of_efgtoa                                text5        001D10
__end_of_floorf                                text15       003212
__end_of_fputc                                 text12       004182
__end_of_fputs                                 text11       004748
__end_of_fsmStateTable                         smallconst   001021
__end_of_isdigit                               text25       0048FA
__end_of_isspace                               text24       004678
__end_of_isupper                               text7        00488A
__end_of_main                                  text0        003F9C
__end_of_pad                                   text9        003BFA
__end_of_printf                                text1        004ABA
__end_of_putch                                 text13       004C10
__end_of_rd1RegCompleteHandler                 text85       0049E4
__end_of_rd2RegCompleteHandler                 text84       0049B8
__end_of_rdBlkRegCompleteHandler               text82       004852
__end_of_strcpy                                text8        004574
__end_of_strlen                                text10       004930
__end_of_strncmp                               text4        003A6C
__end_of_tolower                               text6        004516
__end_of_vfpfcnvrt                             text3        00237C
__end_of_vfprintf                              text2        0044B6
__end_of_wr1RegCompleteHandler                 text83       00498C
__end_of_wr2RegCompleteHandler                 text86       004A10
__initialization                               cinit        004A68
__mediumconst                                  mediumconst  000000
__pbssBANK0                                    bssBANK0     0000C3
__pbssBANK1                                    bssBANK1     000100
__pbssCOMRAM                                   bssCOMRAM    000056
__pcinit                                       cinit        004A68
__pcstackBANK0                                 cstackBANK0  000060
__pcstackBANK1                                 cstackBANK1  00017E
__pcstackCOMRAM                                cstackCOMRAM 000001
__pintcode                                     intcode      000008
__pnvBANK0                                     nvBANK0      0000F8
__pnvBANK1                                     nvBANK1      000184
__psmallconst                                  smallconst   001000
__ptext0                                       text0        003EF0
__ptext1                                       text1        004A92
__ptext10                                      text10       0048FA
__ptext100                                     text100      004CA8
__ptext101                                     text101      004CE4
__ptext102                                     text102      004CAE
__ptext103                                     text103      004A3C
__ptext104                                     text104      000000
__ptext11                                      text11       004704
__ptext12                                      text12       0040EC
__ptext13                                      text13       004C06
__ptext14                                      text14       0045CE
__ptext15                                      text15       003000
__ptext16                                      text16       003892
__ptext17                                      text17       003688
__ptext18                                      text18       004678
__ptext19                                      text19       00488A
__ptext2                                       text2        004452
__ptext20                                      text20       003F9C
__ptext21                                      text21       003E40
__ptext22                                      text22       003BFA
__ptext23                                      text23       0033C6
__ptext24                                      text24       004626
__ptext25                                      text25       0048C2
__ptext26                                      text26       004ABA
__ptext27                                      text27       004B74
__ptext28                                      text28       004930
__ptext29                                      text29       004C10
__ptext3                                       text3        001D10
__ptext30                                      text30       004CB4
__ptext31                                      text31       004B8A
__ptext32                                      text32       004306
__ptext33                                      text33       004C1A
__ptext34                                      text34       004C24
__ptext35                                      text35       004C2E
__ptext36                                      text36       004C38
__ptext37                                      text37       004C42
__ptext38                                      text38       003A6C
__ptext39                                      text39       003560
__ptext4                                       text4        003990
__ptext40                                      text40       003212
__ptext41                                      text41       00283C
__ptext42                                      text42       00378E
__ptext43                                      text43       002C66
__ptext44                                      text44       00237C
__ptext45                                      text45       004748
__ptext46                                      text46       004574
__ptext47                                      text47       004B44
__ptext48                                      text48       004C4C
__ptext49                                      text49       0046BE
__ptext5                                       text5        00106A
__ptext50                                      text50       004182
__ptext51                                      text51       004B04
[...]
_efgtoa$2106                                   cstackBANK0  000069
_efgtoa$2110                                   cstackBANK0  00006B
_efgtoa$2111                                   cstackBANK0  00006D
_efgtoa$2112                                   cstackBANK0  00006F
_eusartRxBuffer                                bssBANK0     0000CB
_eusartRxCount                                 bssBANK0     0000F7
_eusartRxHead                                  bssCOMRAM    000057
_eusartRxLastError                             bssBANK0     0000F6
_eusartRxStatusBuffer                          bssBANK0     0000C3
_eusartRxTail                                  bssCOMRAM    000056
_eusartTxBuffer                                bssBANK0     0000D3
_eusartTxBufferRemaining                       nvBANK0      0000FE
_eusartTxHead                                  bssCOMRAM    000059
_eusartTxTail                                  bssCOMRAM    000058
_flags                                         bssBANK0     0000F4
_floorf                                        text15       003000
_fputc                                         text12       0040EC
_fputs                                         text11       004704
_fsmStateTable                                 smallconst   001001
_isdigit                                       text25       0048C2
_isspace                                       text24       004626
_isspace$2196                                  cstackCOMRAM 00000B
_isupper                                       text7        004852
_lufthumy                                      bssBANK0     0000E3
_main                                          text0        003EF0
_nout                                          bssBANK0     0000EE
_pad                                           text9        003B34
_prec                                          bssBANK0     0000F2
_printf                                        text1        004A92
_putch                                         text13       004C06
_rd1RegCompleteHandler                         text85       0049B8
_rd2RegCompleteHandler                         text84       00498C
_rdBlkRegCompleteHandler                       text82       004812
_readBuffer                                    bssBANK1     000174
_strcpy                                        text8        004516
_strlen                                        text10       0048FA
_strncmp                                       text4        003990
_temperatur                                    bssBANK0     0000E7
_tolower                                       text6        0044B6
_tolower$2254                                  cstackCOMRAM 000011
_vfpfcnvrt                                     text3        001D10
_vfpfcnvrt$2126                                cstackBANK0  0000A9
_vfpfcnvrt$2127                                cstackBANK0  0000AB
_vfpfcnvrt$2131                                cstackBANK0  0000AD
_vfprintf                                      text2        004452
_width                                         bssBANK0     0000F0
_wr1RegCompleteHandler                         text83       004960
_wr2RegCompleteHandler                         text86       0049E4
_writeBuffer                                   bssBANK0     0000EB
atoi@n                                         cstackCOMRAM 000019
atoi@neg                                       cstackCOMRAM 000012
atoi@s                                         cstackCOMRAM 00000C
btemp                                          temp         00005A
efgtoa@c                                       cstackCOMRAM 000055
efgtoa@d                                       cstackBANK0  00007D
efgtoa@e                                       cstackBANK0  000095
efgtoa@f                                       cstackCOMRAM 000051
efgtoa@fp                                      cstackCOMRAM 00004F
efgtoa@g                                       cstackBANK0  000091
efgtoa@h                                       cstackBANK0  000087
efgtoa@i                                       cstackBANK0  00008F
efgtoa@l                                       cstackBANK0  00008B
efgtoa@m                                       cstackBANK0  000077
efgtoa@mode                                    cstackBANK0  000086
efgtoa@n                                       cstackBANK0  000097
efgtoa@ne                                      cstackBANK0  000075
efgtoa@nmode                                   cstackBANK0  000085
efgtoa@ou                                      cstackBANK0  000079
efgtoa@p                                       cstackBANK0  000081
efgtoa@pp                                      cstackBANK0  000073
efgtoa@sign                                    cstackBANK0  00007F
efgtoa@t                                       cstackBANK0  000071
efgtoa@u                                       cstackBANK0  000099
efgtoa@w                                       cstackBANK0  000083
end_of_initialization                          cinit        004A88
floorf@F527                                    bssBANK0     0000DB
floorf@e                                       cstackCOMRAM 000045
floorf@m                                       cstackCOMRAM 000041
floorf@u                                       cstackCOMRAM 000047
floorf@x                                       cstackCOMRAM 000037
fputc@c                                        cstackCOMRAM 000007
fputc@fp                                       cstackCOMRAM 000009
fputs@c                                        cstackCOMRAM 000014
fputs@fp                                       cstackCOMRAM 000012
fputs@i                                        cstackCOMRAM 000015
fputs@s                                        cstackCOMRAM 000010
int$flags                                      temp         00005A
intlevel0                                      text         000000
intlevel1                                      text         000000
intlevel2                                      text         000000
intlevel3                                      text         000000
isa$std                                        (abs)        000001
isa$xinst                                      (abs)        000000
isdigit@c                                      cstackCOMRAM 000005
isspace@c                                      cstackCOMRAM 000005
isupper@c                                      cstackCOMRAM 000005
pad@buf                                        cstackCOMRAM 000019
pad@fp                                         cstackCOMRAM 000017
pad@i                                          cstackCOMRAM 00001E
pad@p                                          cstackCOMRAM 00001B
pad@w                                          cstackCOMRAM 000020
printf@ap                                      cstackBANK0  0000BF
printf@fmt                                     cstackBANK1  00017E
putch@txData                                   cstackCOMRAM 000006
rd1RegCompleteHandler@ptr                      cstackCOMRAM 00000E
rd2RegCompleteHandler@ptr                      cstackCOMRAM 00000E
rdBlkRegCompleteHandler@ptr                    cstackCOMRAM 00000E
stackhi                                        (abs)        000F5F
stacklo                                        (abs)        000188
start                                          init         0000B0
start_initialization                           cinit        004A68
strcpy@d                                       cstackCOMRAM 00000D
strcpy@dest                                    cstackCOMRAM 000005
strcpy@s                                       cstackCOMRAM 00000B
strcpy@src                                     cstackCOMRAM 000007
strlen@a                                       cstackCOMRAM 000007
strlen@s                                       cstackCOMRAM 000005
strncmp@_l                                     cstackCOMRAM 000005
strncmp@_r                                     cstackCOMRAM 000007
strncmp@l                                      cstackCOMRAM 00000C
strncmp@n                                      cstackCOMRAM 000009
strncmp@r                                      cstackCOMRAM 00000E
tolower@c                                      cstackCOMRAM 00000B
ttemp5                                         temp         00005B
ttemp6                                         temp         00005E
ttemp7                                         temp         000062
vfpfcnvrt@ap                                   cstackBANK0  0000A1
vfpfcnvrt@c                                    cstackBANK0  0000B6
vfpfcnvrt@ct                                   cstackBANK0  0000AF
vfpfcnvrt@done                                 cstackBANK0  0000A7
vfpfcnvrt@f                                    cstackBANK0  0000B2
vfpfcnvrt@fmt                                  cstackBANK0  00009F
vfpfcnvrt@fp                                   cstackBANK0  00009D
vfprintf@ap                                    cstackBANK0  0000BB
vfprintf@cfmt                                  cstackBANK0  0000BD
vfprintf@fmt                                   cstackBANK0  0000B9
vfprintf@fp                                    cstackBANK0  0000B7
wr1RegCompleteHandler@ptr                      cstackCOMRAM 00000E
wr2RegCompleteHandler@ptr                      cstackCOMRAM 00000E
wtemp8                                         temp         00005B


MODULE INFORMATION

Module		Function		Class		Link	Load	Size
C:\Program Files\Microchip\xc8\v2.32\pic\sources\c99\common\awdiv.c
		___awdiv       		CODE           	3BFA	0000	196

C:\Program Files\Microchip\xc8\v2.32\pic\sources\c99\common\awdiv.c estimated size: 196

C:\Program Files\Microchip\xc8\v2.32\pic\sources\c99\common\isdigit.c
		_isdigit       		CODE           	48C2	0000	56

C:\Program Files\Microchip\xc8\v2.32\pic\sources\c99\common\isdigit.c estimated size: 56

C:\Program Files\Microchip\xc8\v2.32\pic\sources\c99\common\sprcadd.c
		___flsub       		CODE           	4678	0000	70
		___fladd       		CODE           	237C	0000	1216

C:\Program Files\Microchip\xc8\v2.32\pic\sources\c99\common\sprcadd.c estimated size: 1286

sht40.c
		_SHT40_humy_GetValue		CODE           	3560	0000	296
		_SHT40_temp_GetValue		CODE           	3A6C	0000	200
		_SHT40_Read    		CODE           	4748	0000	68

sht40.c estimated size: 564

C:\Program Files\Microchip\xc8\v2.32\pic\sources\c99\common\doprnt.c
		_vfpfcnvrt     		CODE           	1D10	0000	1644
		_efgtoa        		CODE           	106A	0000	3238
		_pad           		CODE           	3B34	0000	198
		_vfprintf      		CODE           	4452	0000	100

C:\Program Files\Microchip\xc8\v2.32\pic\sources\c99\common\doprnt.c estimated size: 5180

C:\Program Files\Microchip\xc8\v2.32\pic\sources\c99\common\flneg.c
		___flneg       		CODE           	488A	0000	56

C:\Program Files\Microchip\xc8\v2.32\pic\sources\c99\common\flneg.c estimated size: 56

mcc_generated_files/interrupt_manager.c
		_INTERRUPT_Initialize		CODE           	4CB4	0000	4
		_INTERRUPT_InterruptManager		CODE           	0008	0000	168

mcc_generated_files/interrupt_manager.c estimated size: 172

mcc_generated_files/examples/i2c_master_example.c
		_wr1RegCompleteHandler		CODE           	4960	0000	44
		_wr2RegCompleteHandler		CODE           	49E4	0000	44
		_rdBlkRegCompleteHandler		CODE           	4812	0000	64
		_rd1RegCompleteHandler		CODE           	49B8	0000	44
		_rd2RegCompleteHandler		CODE           	498C	0000	44
		_I2C_ReadNBytes		CODE           	46BE	0000	70
		_I2C_WriteNBytes		CODE           	4574	0000	90

mcc_generated_files/examples/i2c_master_example.c estimated size: 400

mcc_generated_files/pin_manager.c
		_PIN_MANAGER_Initialize		CODE           	4930	0000	48

mcc_generated_files/pin_manager.c estimated size: 48

C:\Program Files\Microchip\xc8\v2.32\pic\sources\c99\common\atoi.c
		_atoi          		CODE           	33C6	0000	410

C:\Program Files\Microchip\xc8\v2.32\pic\sources\c99\common\atoi.c estimated size: 410

C:\Program Files\Microchip\xc8\v2.32\pic\sources\c99\common\nf_fputs.c
		_fputs         		CODE           	4704	0000	68

C:\Program Files\Microchip\xc8\v2.32\pic\sources\c99\common\nf_fputs.c estimated size: 68

C:\Program Files\Microchip\xc8\v2.32\pic\sources\c99\common\fleq.c
		___fleq        		CODE           	3F9C	0000	170

C:\Program Files\Microchip\xc8\v2.32\pic\sources\c99\common\fleq.c estimated size: 170

C:\Program Files\Microchip\xc8\v2.32\pic\sources\c99\common\__fpclassifyf.c
		___fpclassifyf 		CODE           	3892	0000	254

C:\Program Files\Microchip\xc8\v2.32\pic\sources\c99\common\__fpclassifyf.c estimated size: 254

C:\Program Files\Microchip\xc8\v2.32\pic\sources\c99\common\isupper.c
		_isupper       		CODE           	4852	0000	56

C:\Program Files\Microchip\xc8\v2.32\pic\sources\c99\common\isupper.c estimated size: 56

C:\Program Files\Microchip\xc8\v2.32\pic\sources\c99\common\Umul16.c
		___wmul        		CODE           	4ABA	0000	38

C:\Program Files\Microchip\xc8\v2.32\pic\sources\c99\common\Umul16.c estimated size: 38

C:\Program Files\Microchip\xc8\v2.32\pic\sources\c99\common\isspace.c
		_isspace       		CODE           	4626	0000	82

C:\Program Files\Microchip\xc8\v2.32\pic\sources\c99\common\isspace.c estimated size: 82

C:\Program Files\Microchip\xc8\v2.32\pic\sources\c99\common\strncmp.c
		_strncmp       		CODE           	3990	0000	220

C:\Program Files\Microchip\xc8\v2.32\pic\sources\c99\common\strncmp.c estimated size: 220

C:\Program Files\Microchip\xc8\v2.32\pic\sources\c99\common\tolower.c
		_tolower       		CODE           	44B6	0000	96

C:\Program Files\Microchip\xc8\v2.32\pic\sources\c99\common\tolower.c estimated size: 96

shared
		__initialization		CODE           	4A68	0000	32
		_fsmStateTable 		SMALLCONST     	1001	0000	32

shared estimated size: 64

C:\Program Files\Microchip\xc8\v2.32\pic\sources\c99\common\sprcmul.c
		___flmul       		CODE           	283C	0000	1066

C:\Program Files\Microchip\xc8\v2.32\pic\sources\c99\common\sprcmul.c estimated size: 1066

C:\Program Files\Microchip\xc8\v2.32\pic\sources\c99\common\awmod.c
		___awmod       		CODE           	3E40	0000	176

C:\Program Files\Microchip\xc8\v2.32\pic\sources\c99\common\awmod.c estimated size: 176

mcc_generated_files/mcc.c
		_OSCILLATOR_Initialize		CODE           	4C10	0000	10
		_SYSTEM_Initialize		CODE           	4B74	0000	22

mcc_generated_files/mcc.c estimated size: 32

C:\Program Files\Microchip\xc8\v2.32\pic\sources\c99\common\sprcdiv.c
		___fldiv       		CODE           	2C66	0000	922

C:\Program Files\Microchip\xc8\v2.32\pic\sources\c99\common\sprcdiv.c estimated size: 922

C:\Program Files\Microchip\xc8\v2.32\pic\sources\c99\common\fltol.c
		___fltol       		CODE           	3688	0000	262

C:\Program Files\Microchip\xc8\v2.32\pic\sources\c99\common\fltol.c estimated size: 262

mcc_generated_files/i2c_master.c
		_I2C_Close     		CODE           	4A10	0000	44
		_I2C_MasterStartRx		CODE           	4CC0	0000	4
		_I2C_DO_SEND_ADR_WRITE		CODE           	4BC2	0000	16
		_I2C_MasterWaitForEvent		CODE           	4BB2	0000	16
		_I2C_DO_SEND_STOP		CODE           	4C74	0000	8
		_I2C_MasterSendNack		CODE           	4CA2	0000	6
		_I2C_MasterDisableIrq		CODE           	4CD8	0000	4
		_I2C_CallbackReturnStop		CODE           	4CC8	0000	4
		_I2C_MasterOperation		CODE           	478C	0000	68
		_I2C_DO_SEND_ADR_READ		CODE           	4BD2	0000	16
		_I2C_DO_RX_NACK_STOP		CODE           	4C64	0000	8
		_I2C_DO_SEND_RESTART		CODE           	4C7C	0000	8
		_I2C_DO_RX     		CODE           	4046	0000	166
		_I2C_DO_TX     		CODE           	3CBE	0000	196
		_I2C_DO_IDLE   		CODE           	4BFA	0000	12
		_I2C_DO_RCEN   		CODE           	4BEE	0000	12
		_I2C_Poller    		CODE           	4B26	0000	30
		_I2C_DO_RESET  		CODE           	4BE2	0000	12
		_I2C_MasterClose		CODE           	4CDC	0000	4
		_I2C_MasterWrite		CODE           	4C4C	0000	8
		_I2C_DO_RX_ACK 		CODE           	4C6C	0000	8
		_I2C_MasterStart		CODE           	4CD4	0000	4
		_I2C_MasterClearIrq		CODE           	4CE0	0000	4
		_I2C_MasterGetRxData		CODE           	4CBC	0000	4
		_I2C_SetCallback		CODE           	428C	0000	122
		_I2C_DO_ADDRESS_NACK		CODE           	43EC	0000	102
		_I2C_MasterEnableRestart		CODE           	4CD0	0000	4
		_I2C_CallbackReturnReset		CODE           	4CC4	0000	4
		_I2C_Open      		CODE           	4182	0000	142
		_I2C_SetAddressNackCallback		CODE           	4B44	0000	24
		_I2C_DO_TX_EMPTY		CODE           	4210	0000	124
		_I2C_DO_SEND_RESTART_WRITE		CODE           	4C84	0000	8
		_I2C_MasterIsNack		CODE           	4B9E	0000	20
		_I2C_SetDataCompleteCallback		CODE           	4B5C	0000	24
		_I2C_DO_RX_NACK_RESTART		CODE           	4C5C	0000	8
		_I2C_MasterSendAck		CODE           	4C9C	0000	6
		_I2C_MasterFsm 		CODE           	437C	0000	112
		_I2C_MasterSetIrq		CODE           	4CB8	0000	4
		_I2C_DO_SEND_RESTART_READ		CODE           	4C8C	0000	8
		_I2C_Initialize		CODE           	4B8A	0000	20
		_I2C_SetBuffer 		CODE           	4AE0	0000	36
		_I2C_MasterRead		CODE           	4C54	0000	8
		_I2C_MasterOpen		CODE           	4B04	0000	34
		_I2C_MasterSendTxData		CODE           	4C94	0000	8
		_I2C_MasterStop		CODE           	4CCC	0000	4

mcc_generated_files/i2c_master.c estimated size: 1484

C:\Program Files\Microchip\xc8\v2.32\pic\sources\c99\common\xxtofl.c
		___xxtofl      		CODE           	3212	0000	436

C:\Program Files\Microchip\xc8\v2.32\pic\sources\c99\common\xxtofl.c estimated size: 436

C:\Program Files\Microchip\xc8\v2.32\pic\sources\c99\common\printf.c
		_printf        		CODE           	4A92	0000	40

C:\Program Files\Microchip\xc8\v2.32\pic\sources\c99\common\printf.c estimated size: 40

C:\Program Files\Microchip\xc8\v2.32\pic\sources\c99\common\nf_fputc.c
		_fputc         		CODE           	40EC	0000	150

C:\Program Files\Microchip\xc8\v2.32\pic\sources\c99\common\nf_fputc.c estimated size: 150

mcc_generated_files/eusart.c
		_EUSART_SetRxInterruptHandler		CODE           	4C24	0000	10
		_EUSART_SetTxInterruptHandler		CODE           	4C1A	0000	10
		_putch         		CODE           	4C06	0000	10
		_EUSART_DefaultOverrunErrorHandler		CODE           	4CA8	0000	6
		_EUSART_Write  		CODE           	45CE	0000	88
		_EUSART_DefaultErrorHandler		CODE           	4CAE	0000	6
		_EUSART_Transmit_ISR		CODE           	47D0	0000	66
		_EUSART_Initialize		CODE           	4306	0000	118
		_EUSART_SetFramingErrorHandler		CODE           	4C38	0000	10
		_EUSART_SetErrorHandler		CODE           	4C42	0000	10
		_EUSART_SetOverrunErrorHandler		CODE           	4C2E	0000	10
		_EUSART_Receive_ISR		CODE           	3D82	0000	190
		_EUSART_RxDataHandler		CODE           	4A3C	0000	44
		_EUSART_DefaultFramingErrorHandler		CODE           	4CE4	0000	2

mcc_generated_files/eusart.c estimated size: 580

main.c
		_main          		CODE           	3EF0	0000	172

main.c estimated size: 172

C:\Program Files\Microchip\xc8\v2.32\pic\sources\c99\common\strlen.c
		_strlen        		CODE           	48FA	0000	54

C:\Program Files\Microchip\xc8\v2.32\pic\sources\c99\common\strlen.c estimated size: 54

C:\Program Files\Microchip\xc8\v2.32\pic\sources\c99\common\flge.c
		___flge        		CODE           	378E	0000	260

C:\Program Files\Microchip\xc8\v2.32\pic\sources\c99\common\flge.c estimated size: 260

C:\Program Files\Microchip\xc8\v2.32\pic\sources\c99\common\floorf.c
		_floorf        		CODE           	3000	0000	530

C:\Program Files\Microchip\xc8\v2.32\pic\sources\c99\common\floorf.c estimated size: 530

C:\Program Files\Microchip\xc8\v2.32\pic\sources\c99\common\strcpy.c
		_strcpy        		CODE           	4516	0000	94

C:\Program Files\Microchip\xc8\v2.32\pic\sources\c99\common\strcpy.c estimated size: 94

